Archive member included to satisfy reference by file (symbol)

/opt/i686-elf-tools/bin/../lib/gcc/i686-elf/15.2.0/libgcc.a(_udivdi3.o)
                              /home/lsys/Scripts/ZILO-SYS/ZILO-SYS/build/kernel/c/stdio.obj (__udivdi3)
/opt/i686-elf-tools/bin/../lib/gcc/i686-elf/15.2.0/libgcc.a(_umoddi3.o)
                              /home/lsys/Scripts/ZILO-SYS/ZILO-SYS/build/kernel/c/stdio.obj (__umoddi3)

There are no discarded input sections

Memory Configuration

Name             Origin             Length             Attributes
*default*        0x00000000         0xffffffff

Linker script and memory map

LOAD /home/lsys/Scripts/ZILO-SYS/ZILO-SYS/build/kernel/asm/arch/i686/gdt.obj
LOAD /home/lsys/Scripts/ZILO-SYS/ZILO-SYS/build/kernel/asm/arch/i686/idt.obj
LOAD /home/lsys/Scripts/ZILO-SYS/ZILO-SYS/build/kernel/asm/arch/i686/io.obj
LOAD /home/lsys/Scripts/ZILO-SYS/ZILO-SYS/build/kernel/asm/arch/i686/isr.obj
LOAD /home/lsys/Scripts/ZILO-SYS/ZILO-SYS/build/kernel/asm/arch/i686/paging.obj
LOAD /home/lsys/Scripts/ZILO-SYS/ZILO-SYS/build/kernel/c/cmos.obj
LOAD /home/lsys/Scripts/ZILO-SYS/ZILO-SYS/build/kernel/c/font.obj
LOAD /home/lsys/Scripts/ZILO-SYS/ZILO-SYS/build/kernel/c/heap.obj
LOAD /home/lsys/Scripts/ZILO-SYS/ZILO-SYS/build/kernel/c/main.obj
LOAD /home/lsys/Scripts/ZILO-SYS/ZILO-SYS/build/kernel/c/math.obj
LOAD /home/lsys/Scripts/ZILO-SYS/ZILO-SYS/build/kernel/c/memdetect.obj
LOAD /home/lsys/Scripts/ZILO-SYS/ZILO-SYS/build/kernel/c/memory.obj
LOAD /home/lsys/Scripts/ZILO-SYS/ZILO-SYS/build/kernel/c/panic.obj
LOAD /home/lsys/Scripts/ZILO-SYS/ZILO-SYS/build/kernel/c/pit.obj
LOAD /home/lsys/Scripts/ZILO-SYS/ZILO-SYS/build/kernel/c/power.obj
LOAD /home/lsys/Scripts/ZILO-SYS/ZILO-SYS/build/kernel/c/shell.obj
LOAD /home/lsys/Scripts/ZILO-SYS/ZILO-SYS/build/kernel/c/stdio.obj
LOAD /home/lsys/Scripts/ZILO-SYS/ZILO-SYS/build/kernel/c/string.obj
LOAD /home/lsys/Scripts/ZILO-SYS/ZILO-SYS/build/kernel/c/syscall.obj
LOAD /home/lsys/Scripts/ZILO-SYS/ZILO-SYS/build/kernel/c/terminal_backend_vga.obj
LOAD /home/lsys/Scripts/ZILO-SYS/ZILO-SYS/build/kernel/c/terminal.obj
LOAD /home/lsys/Scripts/ZILO-SYS/ZILO-SYS/build/kernel/c/time.obj
LOAD /home/lsys/Scripts/ZILO-SYS/ZILO-SYS/build/kernel/c/vga.obj
LOAD /home/lsys/Scripts/ZILO-SYS/ZILO-SYS/build/kernel/c/bin/datetime.obj
LOAD /home/lsys/Scripts/ZILO-SYS/ZILO-SYS/build/kernel/c/bin/zedit.obj
LOAD /home/lsys/Scripts/ZILO-SYS/ZILO-SYS/build/kernel/c/fs/zdsfs.obj
LOAD /home/lsys/Scripts/ZILO-SYS/ZILO-SYS/build/kernel/c/hal/hal.obj
LOAD /home/lsys/Scripts/ZILO-SYS/ZILO-SYS/build/kernel/c/memory/paging.obj
LOAD /home/lsys/Scripts/ZILO-SYS/ZILO-SYS/build/kernel/c/process/process.obj
LOAD /home/lsys/Scripts/ZILO-SYS/ZILO-SYS/build/kernel/c/scheduler/scheduler.obj
LOAD /home/lsys/Scripts/ZILO-SYS/ZILO-SYS/build/kernel/c/thingamabob/thingamabob.obj
LOAD /home/lsys/Scripts/ZILO-SYS/ZILO-SYS/build/kernel/c/vfs/ramfs.obj
LOAD /home/lsys/Scripts/ZILO-SYS/ZILO-SYS/build/kernel/c/vfs/vfs.obj
LOAD /home/lsys/Scripts/ZILO-SYS/ZILO-SYS/build/kernel/c/zilolang/ast.obj
LOAD /home/lsys/Scripts/ZILO-SYS/ZILO-SYS/build/kernel/c/zilolang/codegen.obj
LOAD /home/lsys/Scripts/ZILO-SYS/ZILO-SYS/build/kernel/c/zilolang/lexer.obj
LOAD /home/lsys/Scripts/ZILO-SYS/ZILO-SYS/build/kernel/c/zilolang/main.obj
LOAD /home/lsys/Scripts/ZILO-SYS/ZILO-SYS/build/kernel/c/zilolang/parser.obj
LOAD /home/lsys/Scripts/ZILO-SYS/ZILO-SYS/build/kernel/c/arch/i686/gdt.obj
LOAD /home/lsys/Scripts/ZILO-SYS/ZILO-SYS/build/kernel/c/arch/i686/idt.obj
LOAD /home/lsys/Scripts/ZILO-SYS/ZILO-SYS/build/kernel/c/arch/i686/io.obj
LOAD /home/lsys/Scripts/ZILO-SYS/ZILO-SYS/build/kernel/c/arch/i686/irq.obj
LOAD /home/lsys/Scripts/ZILO-SYS/ZILO-SYS/build/kernel/c/arch/i686/isr.obj
LOAD /home/lsys/Scripts/ZILO-SYS/ZILO-SYS/build/kernel/c/arch/i686/isrs_gen.obj
LOAD /home/lsys/Scripts/ZILO-SYS/ZILO-SYS/build/kernel/c/arch/i686/keyboard.obj
LOAD /home/lsys/Scripts/ZILO-SYS/ZILO-SYS/build/kernel/c/arch/i686/pci.obj
LOAD /home/lsys/Scripts/ZILO-SYS/ZILO-SYS/build/kernel/c/arch/i686/pic.obj
LOAD /home/lsys/Scripts/ZILO-SYS/ZILO-SYS/build/kernel/c/drivers/audio/dma.obj
LOAD /home/lsys/Scripts/ZILO-SYS/ZILO-SYS/build/kernel/c/drivers/audio/sb16.obj
LOAD /home/lsys/Scripts/ZILO-SYS/ZILO-SYS/build/kernel/c/drivers/audio/sound.obj
LOAD /home/lsys/Scripts/ZILO-SYS/ZILO-SYS/build/kernel/c/drivers/audio/speakers.obj
LOAD /home/lsys/Scripts/ZILO-SYS/ZILO-SYS/build/kernel/c/drivers/block/ahci.obj
LOAD /home/lsys/Scripts/ZILO-SYS/ZILO-SYS/build/kernel/c/drivers/block/ata.obj
LOAD /home/lsys/Scripts/ZILO-SYS/ZILO-SYS/build/kernel/c/drivers/block/atapi.obj
LOAD /home/lsys/Scripts/ZILO-SYS/ZILO-SYS/build/kernel/c/drivers/block/floppy.obj
LOAD /home/lsys/Scripts/ZILO-SYS/ZILO-SYS/build/kernel/c/drivers/mouse/mouse.obj
LOAD /home/lsys/Scripts/ZILO-SYS/ZILO-SYS/build/kernel/c/drivers/network/arp.obj
LOAD /home/lsys/Scripts/ZILO-SYS/ZILO-SYS/build/kernel/c/drivers/network/arp_cache.obj
LOAD /home/lsys/Scripts/ZILO-SYS/ZILO-SYS/build/kernel/c/drivers/network/rtl8139.obj
LOAD /home/lsys/Scripts/ZILO-SYS/ZILO-SYS/build/kernel/c/drivers/serial/serial.obj
LOAD /home/lsys/Scripts/ZILO-SYS/ZILO-SYS/build/kernel/c/drivers/usb/ehci.obj
LOAD /home/lsys/Scripts/ZILO-SYS/ZILO-SYS/build/kernel/c/drivers/usb/ohci.obj
LOAD /home/lsys/Scripts/ZILO-SYS/ZILO-SYS/build/kernel/c/drivers/usb/uhci.obj
LOAD /home/lsys/Scripts/ZILO-SYS/ZILO-SYS/build/kernel/c/drivers/usb/usb.obj
LOAD /home/lsys/Scripts/ZILO-SYS/ZILO-SYS/build/kernel/c/drivers/usb/xhci.obj
LOAD /home/lsys/Scripts/ZILO-SYS/ZILO-SYS/build/kernel/c/drivers/video/fb.obj
LOAD /home/lsys/Scripts/ZILO-SYS/ZILO-SYS/build/kernel/c/drivers/video/fb_terminal.obj
LOAD /home/lsys/Scripts/ZILO-SYS/ZILO-SYS/build/kernel/c/zilolang/zlibs/zalloc.obj
LOAD /home/lsys/Scripts/ZILO-SYS/ZILO-SYS/build/kernel/c/zilolang/zlibs/zctype.obj
LOAD /home/lsys/Scripts/ZILO-SYS/ZILO-SYS/build/kernel/c/zilolang/zlibs/zio.obj
LOAD /home/lsys/Scripts/ZILO-SYS/ZILO-SYS/build/kernel/c/zilolang/zlibs/zmem.obj
LOAD /home/lsys/Scripts/ZILO-SYS/ZILO-SYS/build/kernel/c/zilolang/zlibs/zstr.obj
LOAD /home/lsys/Scripts/ZILO-SYS/ZILO-SYS/build/kernel/c/zilolang/zlibs/ztypes.obj
LOAD /opt/i686-elf-tools/bin/../lib/gcc/i686-elf/15.2.0/libgcc.a
                0x00100000                        phys = 0x100000
                0x00100000                        . = phys

.entry          0x00100000      0x50d
                0x00100000                        __entry_start = .
 *(.entry)
 .entry         0x00100000      0x50d /home/lsys/Scripts/ZILO-SYS/ZILO-SYS/build/kernel/c/main.obj
                0x00100000                start

.text           0x00100510     0xb3b6
                0x00100510                        __text_start = .
 *(.text)
 .text          0x00100510       0x25 /home/lsys/Scripts/ZILO-SYS/ZILO-SYS/build/kernel/asm/arch/i686/gdt.obj
                0x00100510                i686_GDT_Load
 *fill*         0x00100535        0xb 
 .text          0x00100540        0xd /home/lsys/Scripts/ZILO-SYS/ZILO-SYS/build/kernel/asm/arch/i686/idt.obj
                0x00100540                i686_IDT_Load
 *fill*         0x0010054d        0x3 
 .text          0x00100550       0x48 /home/lsys/Scripts/ZILO-SYS/ZILO-SYS/build/kernel/asm/arch/i686/io.obj
                0x00100550                i686_outl
                0x0010055b                i686_inl
                0x00100564                i686_outb
                0x0010056f                i686_inb
                0x00100578                i686_outw
                0x00100585                i686_inw
                0x0010058f                i686_Panic
                0x00100591                i686_EnableInterrupts
                0x00100593                i686_DisableInterrupts
                0x00100595                crash_me
 *fill*         0x00100598        0x8 
 .text          0x001005a0      0xa6d /home/lsys/Scripts/ZILO-SYS/ZILO-SYS/build/kernel/asm/arch/i686/isr.obj
                0x001005a0                i686_ISR0
                0x001005a9                i686_ISR1
                0x001005b2                i686_ISR2
                0x001005bb                i686_ISR3
                0x001005c4                i686_ISR4
                0x001005cd                i686_ISR5
                0x001005d6                i686_ISR6
                0x001005df                i686_ISR7
                0x001005e8                i686_ISR8
                0x001005ef                i686_ISR9
                0x001005f8                i686_ISR10
                0x001005ff                i686_ISR11
                0x00100606                i686_ISR12
                0x0010060d                i686_ISR13
                0x00100614                i686_ISR14
                0x0010061b                i686_ISR15
                0x00100624                i686_ISR16
                0x0010062d                i686_ISR17
                0x00100634                i686_ISR18
                0x0010063d                i686_ISR19
                0x00100646                i686_ISR20
                0x0010064f                i686_ISR21
                0x00100656                i686_ISR22
                0x0010065f                i686_ISR23
                0x00100668                i686_ISR24
                0x00100671                i686_ISR25
                0x0010067a                i686_ISR26
                0x00100683                i686_ISR27
                0x0010068c                i686_ISR28
                0x00100695                i686_ISR29
                0x0010069e                i686_ISR30
                0x001006a7                i686_ISR31
                0x001006b0                i686_ISR32
                0x001006b9                i686_ISR33
                0x001006c2                i686_ISR34
                0x001006cb                i686_ISR35
                0x001006d4                i686_ISR36
                0x001006dd                i686_ISR37
                0x001006e6                i686_ISR38
                0x001006ef                i686_ISR39
                0x001006f8                i686_ISR40
                0x00100701                i686_ISR41
                0x0010070a                i686_ISR42
                0x00100713                i686_ISR43
                0x0010071c                i686_ISR44
                0x00100725                i686_ISR45
                0x0010072e                i686_ISR46
                0x00100737                i686_ISR47
                0x00100740                i686_ISR48
                0x00100749                i686_ISR49
                0x00100752                i686_ISR50
                0x0010075b                i686_ISR51
                0x00100764                i686_ISR52
                0x0010076d                i686_ISR53
                0x00100776                i686_ISR54
                0x0010077f                i686_ISR55
                0x00100788                i686_ISR56
                0x00100791                i686_ISR57
                0x0010079a                i686_ISR58
                0x001007a3                i686_ISR59
                0x001007ac                i686_ISR60
                0x001007b5                i686_ISR61
                0x001007be                i686_ISR62
                0x001007c7                i686_ISR63
                0x001007d0                i686_ISR64
                0x001007d9                i686_ISR65
                0x001007e2                i686_ISR66
                0x001007eb                i686_ISR67
                0x001007f4                i686_ISR68
                0x001007fd                i686_ISR69
                0x00100806                i686_ISR70
                0x0010080f                i686_ISR71
                0x00100818                i686_ISR72
                0x00100821                i686_ISR73
                0x0010082a                i686_ISR74
                0x00100833                i686_ISR75
                0x0010083c                i686_ISR76
                0x00100845                i686_ISR77
                0x0010084e                i686_ISR78
                0x00100857                i686_ISR79
                0x00100860                i686_ISR80
                0x00100869                i686_ISR81
                0x00100872                i686_ISR82
                0x0010087b                i686_ISR83
                0x00100884                i686_ISR84
                0x0010088d                i686_ISR85
                0x00100896                i686_ISR86
                0x0010089f                i686_ISR87
                0x001008a8                i686_ISR88
                0x001008b1                i686_ISR89
                0x001008ba                i686_ISR90
                0x001008c3                i686_ISR91
                0x001008cc                i686_ISR92
                0x001008d5                i686_ISR93
                0x001008de                i686_ISR94
                0x001008e7                i686_ISR95
                0x001008f0                i686_ISR96
                0x001008f9                i686_ISR97
                0x00100902                i686_ISR98
                0x0010090b                i686_ISR99
                0x00100914                i686_ISR100
                0x0010091d                i686_ISR101
                0x00100926                i686_ISR102
                0x0010092f                i686_ISR103
                0x00100938                i686_ISR104
                0x00100941                i686_ISR105
                0x0010094a                i686_ISR106
                0x00100953                i686_ISR107
                0x0010095c                i686_ISR108
                0x00100965                i686_ISR109
                0x0010096e                i686_ISR110
                0x00100977                i686_ISR111
                0x00100980                i686_ISR112
                0x00100989                i686_ISR113
                0x00100992                i686_ISR114
                0x0010099b                i686_ISR115
                0x001009a4                i686_ISR116
                0x001009ad                i686_ISR117
                0x001009b6                i686_ISR118
                0x001009bf                i686_ISR119
                0x001009c8                i686_ISR120
                0x001009d1                i686_ISR121
                0x001009da                i686_ISR122
                0x001009e3                i686_ISR123
                0x001009ec                i686_ISR124
                0x001009f5                i686_ISR125
                0x001009fe                i686_ISR126
                0x00100a07                i686_ISR127
                0x00100a10                i686_ISR128
                0x00100a1c                i686_ISR129
                0x00100a28                i686_ISR130
                0x00100a34                i686_ISR131
                0x00100a40                i686_ISR132
                0x00100a4c                i686_ISR133
                0x00100a58                i686_ISR134
                0x00100a64                i686_ISR135
                0x00100a70                i686_ISR136
                0x00100a7c                i686_ISR137
                0x00100a88                i686_ISR138
                0x00100a94                i686_ISR139
                0x00100aa0                i686_ISR140
                0x00100aac                i686_ISR141
                0x00100ab8                i686_ISR142
                0x00100ac4                i686_ISR143
                0x00100ad0                i686_ISR144
                0x00100adc                i686_ISR145
                0x00100ae8                i686_ISR146
                0x00100af4                i686_ISR147
                0x00100b00                i686_ISR148
                0x00100b0c                i686_ISR149
                0x00100b18                i686_ISR150
                0x00100b24                i686_ISR151
                0x00100b30                i686_ISR152
                0x00100b3c                i686_ISR153
                0x00100b48                i686_ISR154
                0x00100b54                i686_ISR155
                0x00100b60                i686_ISR156
                0x00100b6c                i686_ISR157
                0x00100b78                i686_ISR158
                0x00100b84                i686_ISR159
                0x00100b90                i686_ISR160
                0x00100b9c                i686_ISR161
                0x00100ba8                i686_ISR162
                0x00100bb4                i686_ISR163
                0x00100bc0                i686_ISR164
                0x00100bcc                i686_ISR165
                0x00100bd8                i686_ISR166
                0x00100be4                i686_ISR167
                0x00100bf0                i686_ISR168
                0x00100bfc                i686_ISR169
                0x00100c08                i686_ISR170
                0x00100c14                i686_ISR171
                0x00100c20                i686_ISR172
                0x00100c2c                i686_ISR173
                0x00100c38                i686_ISR174
                0x00100c44                i686_ISR175
                0x00100c50                i686_ISR176
                0x00100c5c                i686_ISR177
                0x00100c68                i686_ISR178
                0x00100c74                i686_ISR179
                0x00100c80                i686_ISR180
                0x00100c8c                i686_ISR181
                0x00100c98                i686_ISR182
                0x00100ca4                i686_ISR183
                0x00100cb0                i686_ISR184
                0x00100cbc                i686_ISR185
                0x00100cc8                i686_ISR186
                0x00100cd4                i686_ISR187
                0x00100ce0                i686_ISR188
                0x00100cec                i686_ISR189
                0x00100cf8                i686_ISR190
                0x00100d04                i686_ISR191
                0x00100d10                i686_ISR192
                0x00100d1c                i686_ISR193
                0x00100d28                i686_ISR194
                0x00100d34                i686_ISR195
                0x00100d40                i686_ISR196
                0x00100d4c                i686_ISR197
                0x00100d58                i686_ISR198
                0x00100d64                i686_ISR199
                0x00100d70                i686_ISR200
                0x00100d7c                i686_ISR201
                0x00100d88                i686_ISR202
                0x00100d94                i686_ISR203
                0x00100da0                i686_ISR204
                0x00100dac                i686_ISR205
                0x00100db8                i686_ISR206
                0x00100dc4                i686_ISR207
                0x00100dd0                i686_ISR208
                0x00100ddc                i686_ISR209
                0x00100de8                i686_ISR210
                0x00100df4                i686_ISR211
                0x00100e00                i686_ISR212
                0x00100e0c                i686_ISR213
                0x00100e18                i686_ISR214
                0x00100e24                i686_ISR215
                0x00100e30                i686_ISR216
                0x00100e3c                i686_ISR217
                0x00100e48                i686_ISR218
                0x00100e54                i686_ISR219
                0x00100e60                i686_ISR220
                0x00100e6c                i686_ISR221
                0x00100e78                i686_ISR222
                0x00100e84                i686_ISR223
                0x00100e90                i686_ISR224
                0x00100e9c                i686_ISR225
                0x00100ea8                i686_ISR226
                0x00100eb4                i686_ISR227
                0x00100ec0                i686_ISR228
                0x00100ecc                i686_ISR229
                0x00100ed8                i686_ISR230
                0x00100ee4                i686_ISR231
                0x00100ef0                i686_ISR232
                0x00100efc                i686_ISR233
                0x00100f08                i686_ISR234
                0x00100f14                i686_ISR235
                0x00100f20                i686_ISR236
                0x00100f2c                i686_ISR237
                0x00100f38                i686_ISR238
                0x00100f44                i686_ISR239
                0x00100f50                i686_ISR240
                0x00100f5c                i686_ISR241
                0x00100f65                i686_ISR242
                0x00100f6e                i686_ISR243
                0x00100f77                i686_ISR244
                0x00100f80                i686_ISR245
                0x00100f89                i686_ISR246
                0x00100f92                i686_ISR247
                0x00100f9b                i686_ISR248
                0x00100fa4                i686_ISR249
                0x00100fad                i686_ISR250
                0x00100fb6                i686_ISR251
                0x00100fbf                i686_ISR252
                0x00100fc8                i686_ISR253
                0x00100fd1                i686_ISR254
                0x00100fda                i686_ISR255
 *fill*         0x0010100d        0x3 
 .text          0x00101010       0x14 /home/lsys/Scripts/ZILO-SYS/ZILO-SYS/build/kernel/asm/arch/i686/paging.obj
                0x00101010                load_cr3
                0x00101018                enable_paging
 .text          0x00101024      0x2ab /home/lsys/Scripts/ZILO-SYS/ZILO-SYS/build/kernel/c/cmos.obj
                0x001010a1                cmos_read_rtc
 .text          0x001012cf        0x0 /home/lsys/Scripts/ZILO-SYS/ZILO-SYS/build/kernel/c/font.obj
 .text          0x001012cf       0x41 /home/lsys/Scripts/ZILO-SYS/ZILO-SYS/build/kernel/c/heap.obj
                0x001012cf                kmalloc
 .text          0x00101310       0x31 /home/lsys/Scripts/ZILO-SYS/ZILO-SYS/build/kernel/c/main.obj
                0x00101310                timer
                0x00101329                user_test
 .text          0x00101341       0xf0 /home/lsys/Scripts/ZILO-SYS/ZILO-SYS/build/kernel/c/math.obj
                0x00101341                math_add
                0x0010134e                math_sub
                0x00101359                math_mul
                0x00101365                math_div
                0x0010138a                Q_rsqrt
                0x001013f3                absf
                0x0010140d                sqrt_approx
 .text          0x00101431      0x1cf /home/lsys/Scripts/ZILO-SYS/ZILO-SYS/build/kernel/c/memdetect.obj
                0x00101431                memdetect_init
                0x001014e9                memdetect_print
 .text          0x00101600       0xf5 /home/lsys/Scripts/ZILO-SYS/ZILO-SYS/build/kernel/c/memory.obj
                0x00101600                memcpy
                0x00101652                memset
                0x00101695                memcmp
 .text          0x001016f5      0xb42 /home/lsys/Scripts/ZILO-SYS/ZILO-SYS/build/kernel/c/panic.obj
                0x00101ab6                dump_registers_rtfm1
                0x00101cd7                dump_registers_rtfm2
                0x00102156                panic
                0x001021c1                panic_now
                0x001021da                panic_now_silent
 .text          0x00102237       0x8a /home/lsys/Scripts/ZILO-SYS/ZILO-SYS/build/kernel/c/pit.obj
                0x00102237                pit_handler
                0x00102252                pit_get_ticks
                0x0010225c                pit_init
 .text          0x001022c1       0x51 /home/lsys/Scripts/ZILO-SYS/ZILO-SYS/build/kernel/c/power.obj
                0x001022c1                system_reset
                0x001022f4                system_shutdown
 .text          0x00102312      0xd9e /home/lsys/Scripts/ZILO-SYS/ZILO-SYS/build/kernel/c/shell.obj
                0x00102450                shell_execute
 .text          0x001030b0      0x915 /home/lsys/Scripts/ZILO-SYS/ZILO-SYS/build/kernel/c/stdio.obj
                0x001030b0                putchr
                0x001030df                putcolor
                0x00103111                getchr
                0x00103133                getcolor
                0x00103158                setcursor
                0x001031c9                clrscr
                0x00103257                scrollback
                0x00103345                putc
                0x00103455                puts
                0x00103484                printf_unsigned
                0x00103528                printf_signed
                0x00103585                printf
                0x0010392c                print_buffer
 .text          0x001039c5      0x1ef /home/lsys/Scripts/ZILO-SYS/ZILO-SYS/build/kernel/c/string.obj
                0x001039c5                atoi
                0x00103a75                strcmp
                0x00103ab4                strlen
                0x00103adb                strncmp
                0x00103b57                strncpy
 .text          0x00103bb4       0x94 /home/lsys/Scripts/ZILO-SYS/ZILO-SYS/build/kernel/c/syscall.obj
                0x00103c2a                syscall_initialize
 .text          0x00103c48       0xb0 /home/lsys/Scripts/ZILO-SYS/ZILO-SYS/build/kernel/c/terminal_backend_vga.obj
                0x00103c48                backend_putc_at
                0x00103c93                vga_draw_cursor
 .text          0x00103cf8      0x90c /home/lsys/Scripts/ZILO-SYS/ZILO-SYS/build/kernel/c/terminal.obj
                0x00103e8f                term_putc
                0x00103ec9                text_set_color
                0x00103ee1                text_clear
                0x00103fb5                text_putc
                0x001041d3                text_print
                0x0010430c                text_print_dec
                0x001043b1                text_print_int
                0x00104490                text_print_hex
                0x001044f5                text_print_hex8
                0x00104556                text_scroll_up
                0x00104584                text_scroll_down
                0x001045b5                text_follow_cursor
 .text          0x00104604       0x2f /home/lsys/Scripts/ZILO-SYS/ZILO-SYS/build/kernel/c/time.obj
                0x00104604                sleep
                0x00104626                get_ticks
 .text          0x00104633       0x47 /home/lsys/Scripts/ZILO-SYS/ZILO-SYS/build/kernel/c/vga.obj
                0x00104633                vga_putpixel
 .text          0x0010467a      0x491 /home/lsys/Scripts/ZILO-SYS/ZILO-SYS/build/kernel/c/bin/datetime.obj
                0x00104704                datetime_prompt
                0x00104aeb                datetime_get
 .text          0x00104b0b      0x259 /home/lsys/Scripts/ZILO-SYS/ZILO-SYS/build/kernel/c/bin/zedit.obj
                0x00104bdb                zedit_run
 .text          0x00104d64      0x690 /home/lsys/Scripts/ZILO-SYS/ZILO-SYS/build/kernel/c/fs/zdsfs.obj
                0x00104e9b                zdsfs_format
                0x00104f3a                zdsfs_init
                0x00104f7d                zdsfs_create
                0x00105119                zdsfs_write
                0x001051be                zdsfs_read
                0x00105221                zdsfs_delete
                0x001052a4                zdsfs_list
                0x00105367                zdsfs_count
                0x001053a2                zdsfs_get
 .text          0x001053f4       0x32 /home/lsys/Scripts/ZILO-SYS/ZILO-SYS/build/kernel/c/hal/hal.obj
                0x001053f4                HAL_Initialize
 .text          0x00105426       0xf7 /home/lsys/Scripts/ZILO-SYS/ZILO-SYS/build/kernel/c/memory/paging.obj
                0x00105426                create_page_directory
                0x0010546f                map_page
                0x0010549d                switch_page_directory
                0x001054b5                paging_init
 .text          0x0010551d       0x4d /home/lsys/Scripts/ZILO-SYS/ZILO-SYS/build/kernel/c/process/process.obj
                0x0010551d                create_process
 .text          0x0010556a       0xc6 /home/lsys/Scripts/ZILO-SYS/ZILO-SYS/build/kernel/c/scheduler/scheduler.obj
                0x0010556a                scheduler_init
                0x00105597                add_process
                0x001055f2                schedule
 .text          0x00105630       0x94 /home/lsys/Scripts/ZILO-SYS/ZILO-SYS/build/kernel/c/thingamabob/thingamabob.obj
                0x00105630                thingamabob_init
                0x00105653                thingamabob_status
                0x00105687                thingamabob_do_stuff
                0x001056ba                thingamabob_is_initialized
 .text          0x001056c4      0x1b0 /home/lsys/Scripts/ZILO-SYS/ZILO-SYS/build/kernel/c/vfs/ramfs.obj
                0x00105785                ramfs_create_file
                0x00105829                ramfs_init
 .text          0x00105874      0x18e /home/lsys/Scripts/ZILO-SYS/ZILO-SYS/build/kernel/c/vfs/vfs.obj
                0x00105874                vfs_register_file
                0x0010589c                vfs_open
                0x001058eb                vfs_read
                0x0010592f                vfs_write
                0x00105975                vfs_close
                0x001059b5                vfs_list
 .text          0x00105a02       0x35 /home/lsys/Scripts/ZILO-SYS/ZILO-SYS/build/kernel/c/zilolang/ast.obj
                0x00105a02                ast_new
 .text          0x00105a37       0x7f /home/lsys/Scripts/ZILO-SYS/ZILO-SYS/build/kernel/c/zilolang/codegen.obj
                0x00105a37                codegen
 .text          0x00105ab6      0x551 /home/lsys/Scripts/ZILO-SYS/ZILO-SYS/build/kernel/c/zilolang/lexer.obj
                0x00105ae1                lexer_init
                0x00105b6a                lexer_next
 .text          0x00106007       0x6a /home/lsys/Scripts/ZILO-SYS/ZILO-SYS/build/kernel/c/zilolang/main.obj
                0x00106007                main
 .text          0x00106071      0x158 /home/lsys/Scripts/ZILO-SYS/ZILO-SYS/build/kernel/c/zilolang/parser.obj
                0x001060ac                parser_init
                0x001061b3                parse_program
 .text          0x001061c9       0x1d /home/lsys/Scripts/ZILO-SYS/ZILO-SYS/build/kernel/c/arch/i686/gdt.obj
                0x001061c9                i686_GDT_Initialize
 .text          0x001061e6       0xba /home/lsys/Scripts/ZILO-SYS/ZILO-SYS/build/kernel/c/arch/i686/idt.obj
                0x001061e6                i686_IDT_SetGate
                0x00106247                i686_IDT_EnableGate
                0x00106267                i686_IDT_DisableGate
                0x00106287                i686_IDT_Initialize
 .text          0x001062a0       0x1b /home/lsys/Scripts/ZILO-SYS/ZILO-SYS/build/kernel/c/arch/i686/io.obj
                0x001062a0                i686_iowait
 .text          0x001062bb       0xa0 /home/lsys/Scripts/ZILO-SYS/ZILO-SYS/build/kernel/c/arch/i686/irq.obj
                0x001062bb                i686_IRQ_Handler
                0x00106301                i686_IRQ_Initialize
                0x00106348                i686_IRQ_RegisterHandler
 .text          0x0010635b      0x1aa /home/lsys/Scripts/ZILO-SYS/ZILO-SYS/build/kernel/c/arch/i686/isr.obj
                0x0010635b                i686_ISR_Initialize
                0x001063a6                i686_ISR_Handler
                0x001064e1                i686_ISR_RegisterHandler
 .text          0x00106505     0x1489 /home/lsys/Scripts/ZILO-SYS/ZILO-SYS/build/kernel/c/arch/i686/isrs_gen.obj
                0x00106505                i686_ISR_InitializeGates
 .text          0x0010798e      0x824 /home/lsys/Scripts/ZILO-SYS/ZILO-SYS/build/kernel/c/arch/i686/keyboard.obj
                0x00107d62                keyboard_handler
                0x0010813d                keyboard_get_line
                0x00108197                keyboard_init
 .text          0x001081b2      0x5d3 /home/lsys/Scripts/ZILO-SYS/ZILO-SYS/build/kernel/c/arch/i686/pci.obj
                0x001081b2                pci_read_dword
                0x00108227                pci_read_word
                0x0010827d                pci_get_class
                0x001082b4                pci_get_subclass
                0x001082e7                pci_get_prog_if
                0x0010831e                pci_get_bar0
                0x00108351                pci_scan
 .text          0x00108785      0x2b6 /home/lsys/Scripts/ZILO-SYS/ZILO-SYS/build/kernel/c/arch/i686/pic.obj
                0x00108785                i686_PIC_Configure
                0x00108877                i686_PIC_SendEndOfInterrupt
                0x001088a7                i686_PIC_Disable
                0x001088e1                i686_PIC_Mask
                0x00108935                i686_PIC_Unmask
                0x0010898b                i686_PIC_ReadIrqRequestRegister
                0x001089e3                i686_PIC_ReadInServiceRegister
 .text          0x00108a3b       0xe4 /home/lsys/Scripts/ZILO-SYS/ZILO-SYS/build/kernel/c/drivers/audio/dma.obj
                0x00108a3b                dma_init
                0x00108a41                dma_set_channel_1
 .text          0x00108b1f      0x96c /home/lsys/Scripts/ZILO-SYS/ZILO-SYS/build/kernel/c/drivers/audio/sb16.obj
                0x00108b94                sb16_init
                0x00108c21                sb16_play
                0x00108cf3                gen_tone
                0x00108d4f                gen_instrument_tone
                0x00109039                play_aria_math
                0x001091d2                play_mac_chime
                0x00109321                play_kernel_panic_chime
                0x00109422                sb16_test_tone
 .text          0x0010948b       0x26 /home/lsys/Scripts/ZILO-SYS/ZILO-SYS/build/kernel/c/drivers/audio/sound.obj
                0x0010948b                play_sound
 .text          0x001094b1      0x101 /home/lsys/Scripts/ZILO-SYS/ZILO-SYS/build/kernel/c/drivers/audio/speakers.obj
                0x00109507                speaker_on
                0x00109546                speaker_off
                0x00109574                speaker_beep
 .text          0x001095b2       0x8b /home/lsys/Scripts/ZILO-SYS/ZILO-SYS/build/kernel/c/drivers/block/ahci.obj
                0x001095b2                ahci_init
 .text          0x0010963d      0x59c /home/lsys/Scripts/ZILO-SYS/ZILO-SYS/build/kernel/c/drivers/block/ata.obj
                0x001096bf                ata_detect
                0x0010974e                ata_init
                0x00109797                ata_read28
                0x0010999b                ata_write28
 .text          0x00109bd9       0xf1 /home/lsys/Scripts/ZILO-SYS/ZILO-SYS/build/kernel/c/drivers/block/atapi.obj
                0x00109bd9                atapi_detect
 .text          0x00109cca       0x66 /home/lsys/Scripts/ZILO-SYS/ZILO-SYS/build/kernel/c/drivers/block/floppy.obj
                0x00109cca                floppy_detect
                0x00109cfd                floppy_init
 .text          0x00109d30      0x359 /home/lsys/Scripts/ZILO-SYS/ZILO-SYS/build/kernel/c/drivers/mouse/mouse.obj
                0x00109e0d                mouse_draw_cursor
                0x00109e2e                mouse_handler
                0x00109f81                mouse_init
                0x0010a075                mouse_get_x
                0x0010a07f                mouse_get_y
 .text          0x0010a089      0x10c /home/lsys/Scripts/ZILO-SYS/ZILO-SYS/build/kernel/c/drivers/network/arp.obj
                0x0010a089                arp_init
                0x0010a097                arp_request
                0x0010a14c                arp_handle_packet
 .text          0x0010a195      0x1d6 /home/lsys/Scripts/ZILO-SYS/ZILO-SYS/build/kernel/c/drivers/network/arp_cache.obj
                0x0010a195                arp_cache_add
                0x0010a2c1                arp_cache_init
                0x0010a2ef                arp_lookup
 .text          0x0010a36b      0x2be /home/lsys/Scripts/ZILO-SYS/ZILO-SYS/build/kernel/c/drivers/network/rtl8139.obj
                0x0010a36b                rtl8139_get_mac
                0x0010a440                rtl8139_send
                0x0010a4d9                rtl8139_init
 .text          0x0010a629      0x134 /home/lsys/Scripts/ZILO-SYS/ZILO-SYS/build/kernel/c/drivers/serial/serial.obj
                0x0010a629                serial_init
                0x0010a6e4                serial_write
                0x0010a715                serial_print
 .text          0x0010a75d      0x2dc /home/lsys/Scripts/ZILO-SYS/ZILO-SYS/build/kernel/c/drivers/usb/ehci.obj
                0x0010a789                ehci_init
 .text          0x0010aa39      0x15e /home/lsys/Scripts/ZILO-SYS/ZILO-SYS/build/kernel/c/drivers/usb/ohci.obj
                0x0010aa61                ohci_init
 .text          0x0010ab97      0x283 /home/lsys/Scripts/ZILO-SYS/ZILO-SYS/build/kernel/c/drivers/usb/uhci.obj
                0x0010ad55                uhci_init
 .text          0x0010ae1a       0x19 /home/lsys/Scripts/ZILO-SYS/ZILO-SYS/build/kernel/c/drivers/usb/usb.obj
                0x0010ae1a                usb_init
 .text          0x0010ae33      0x31f /home/lsys/Scripts/ZILO-SYS/ZILO-SYS/build/kernel/c/drivers/usb/xhci.obj
                0x0010ae58                xhci_init
 .text          0x0010b152      0x116 /home/lsys/Scripts/ZILO-SYS/ZILO-SYS/build/kernel/c/drivers/video/fb.obj
                0x0010b152                fb_init
                0x0010b186                fb_putpixel
                0x0010b1d0                fb_clear
                0x0010b21b                fb_rect
 .text          0x0010b268       0x9a /home/lsys/Scripts/ZILO-SYS/ZILO-SYS/build/kernel/c/drivers/video/fb_terminal.obj
                0x0010b268                fb_terminal_putc
 .text          0x0010b302       0x1c /home/lsys/Scripts/ZILO-SYS/ZILO-SYS/build/kernel/c/zilolang/zlibs/zalloc.obj
                0x0010b302                zmalloc
                0x0010b318                zfree
 .text          0x0010b31e       0x96 /home/lsys/Scripts/ZILO-SYS/ZILO-SYS/build/kernel/c/zilolang/zlibs/zctype.obj
                0x0010b31e                zisspace
                0x0010b35c                zisalpha
                0x0010b38e                zisdigit
 .text          0x0010b3b4      0x1a4 /home/lsys/Scripts/ZILO-SYS/ZILO-SYS/build/kernel/c/zilolang/zlibs/zio.obj
                0x0010b3b4                zputc
                0x0010b3d3                zprint
                0x0010b404                zprintf
 .text          0x0010b558       0x74 /home/lsys/Scripts/ZILO-SYS/ZILO-SYS/build/kernel/c/zilolang/zlibs/zmem.obj
                0x0010b558                zmemset
                0x0010b58b                zmemcpy
 .text          0x0010b5cc       0x96 /home/lsys/Scripts/ZILO-SYS/ZILO-SYS/build/kernel/c/zilolang/zlibs/zstr.obj
                0x0010b5cc                zstrcmp
                0x0010b60b                zstrcpy
                0x0010b63a                zstrlen
 .text          0x0010b662        0x0 /home/lsys/Scripts/ZILO-SYS/ZILO-SYS/build/kernel/c/zilolang/zlibs/ztypes.obj
 *fill*         0x0010b662        0xe 
 .text          0x0010b670      0x11a /opt/i686-elf-tools/bin/../lib/gcc/i686-elf/15.2.0/libgcc.a(_udivdi3.o)
                0x0010b670                __udivdi3
 *fill*         0x0010b78a        0x6 
 .text          0x0010b790      0x136 /opt/i686-elf-tools/bin/../lib/gcc/i686-elf/15.2.0/libgcc.a(_umoddi3.o)
                0x0010b790                __umoddi3

.data           0x0010b8e0      0x90c
                0x0010b8e0                        __data_start = .
 *(.data)
 .data          0x0010b8e0        0x0 /home/lsys/Scripts/ZILO-SYS/ZILO-SYS/build/kernel/c/cmos.obj
 .data          0x0010b8e0      0x800 /home/lsys/Scripts/ZILO-SYS/ZILO-SYS/build/kernel/c/font.obj
                0x0010b8e0                font
 .data          0x0010c0e0        0x0 /home/lsys/Scripts/ZILO-SYS/ZILO-SYS/build/kernel/c/heap.obj
 .data          0x0010c0e0        0x8 /home/lsys/Scripts/ZILO-SYS/ZILO-SYS/build/kernel/c/main.obj
 .data          0x0010c0e8        0x0 /home/lsys/Scripts/ZILO-SYS/ZILO-SYS/build/kernel/c/math.obj
 .data          0x0010c0e8        0x0 /home/lsys/Scripts/ZILO-SYS/ZILO-SYS/build/kernel/c/memdetect.obj
 .data          0x0010c0e8        0x0 /home/lsys/Scripts/ZILO-SYS/ZILO-SYS/build/kernel/c/memory.obj
 .data          0x0010c0e8        0x0 /home/lsys/Scripts/ZILO-SYS/ZILO-SYS/build/kernel/c/panic.obj
 .data          0x0010c0e8        0x0 /home/lsys/Scripts/ZILO-SYS/ZILO-SYS/build/kernel/c/pit.obj
 .data          0x0010c0e8        0x0 /home/lsys/Scripts/ZILO-SYS/ZILO-SYS/build/kernel/c/power.obj
 .data          0x0010c0e8        0x0 /home/lsys/Scripts/ZILO-SYS/ZILO-SYS/build/kernel/c/shell.obj
 .data          0x0010c0e8        0x4 /home/lsys/Scripts/ZILO-SYS/ZILO-SYS/build/kernel/c/stdio.obj
                0x0010c0e8                g_ScreenBuffer
 .data          0x0010c0ec        0x0 /home/lsys/Scripts/ZILO-SYS/ZILO-SYS/build/kernel/c/string.obj
 .data          0x0010c0ec        0x0 /home/lsys/Scripts/ZILO-SYS/ZILO-SYS/build/kernel/c/syscall.obj
 .data          0x0010c0ec        0x2 /home/lsys/Scripts/ZILO-SYS/ZILO-SYS/build/kernel/c/terminal_backend_vga.obj
 *fill*         0x0010c0ee        0x2 
 .data          0x0010c0f0        0xc /home/lsys/Scripts/ZILO-SYS/ZILO-SYS/build/kernel/c/terminal.obj
 .data          0x0010c0fc        0x0 /home/lsys/Scripts/ZILO-SYS/ZILO-SYS/build/kernel/c/time.obj
 .data          0x0010c0fc        0x0 /home/lsys/Scripts/ZILO-SYS/ZILO-SYS/build/kernel/c/vga.obj
 .data          0x0010c0fc        0x6 /home/lsys/Scripts/ZILO-SYS/ZILO-SYS/build/kernel/c/bin/datetime.obj
 .data          0x0010c102        0x0 /home/lsys/Scripts/ZILO-SYS/ZILO-SYS/build/kernel/c/bin/zedit.obj
 .data          0x0010c102        0x0 /home/lsys/Scripts/ZILO-SYS/ZILO-SYS/build/kernel/c/fs/zdsfs.obj
 .data          0x0010c102        0x0 /home/lsys/Scripts/ZILO-SYS/ZILO-SYS/build/kernel/c/hal/hal.obj
 .data          0x0010c102        0x0 /home/lsys/Scripts/ZILO-SYS/ZILO-SYS/build/kernel/c/memory/paging.obj
 *fill*         0x0010c102        0x2 
 .data          0x0010c104        0x4 /home/lsys/Scripts/ZILO-SYS/ZILO-SYS/build/kernel/c/process/process.obj
 .data          0x0010c108        0x0 /home/lsys/Scripts/ZILO-SYS/ZILO-SYS/build/kernel/c/scheduler/scheduler.obj
 .data          0x0010c108        0x0 /home/lsys/Scripts/ZILO-SYS/ZILO-SYS/build/kernel/c/thingamabob/thingamabob.obj
 .data          0x0010c108        0xc /home/lsys/Scripts/ZILO-SYS/ZILO-SYS/build/kernel/c/vfs/ramfs.obj
 .data          0x0010c114        0x0 /home/lsys/Scripts/ZILO-SYS/ZILO-SYS/build/kernel/c/vfs/vfs.obj
 .data          0x0010c114        0x0 /home/lsys/Scripts/ZILO-SYS/ZILO-SYS/build/kernel/c/zilolang/ast.obj
 .data          0x0010c114        0x0 /home/lsys/Scripts/ZILO-SYS/ZILO-SYS/build/kernel/c/zilolang/codegen.obj
 .data          0x0010c114        0x0 /home/lsys/Scripts/ZILO-SYS/ZILO-SYS/build/kernel/c/zilolang/lexer.obj
 .data          0x0010c114        0x0 /home/lsys/Scripts/ZILO-SYS/ZILO-SYS/build/kernel/c/zilolang/main.obj
 .data          0x0010c114        0x0 /home/lsys/Scripts/ZILO-SYS/ZILO-SYS/build/kernel/c/zilolang/parser.obj
 .data          0x0010c114       0x1e /home/lsys/Scripts/ZILO-SYS/ZILO-SYS/build/kernel/c/arch/i686/gdt.obj
                0x0010c114                g_GDT
                0x0010c12c                g_GDTDescriptor
 *fill*         0x0010c132        0x2 
 .data          0x0010c134        0x6 /home/lsys/Scripts/ZILO-SYS/ZILO-SYS/build/kernel/c/arch/i686/idt.obj
                0x0010c134                g_IDTDescriptor
 .data          0x0010c13a        0x0 /home/lsys/Scripts/ZILO-SYS/ZILO-SYS/build/kernel/c/arch/i686/io.obj
 *fill*         0x0010c13a        0x2 
 .data          0x0010c13c        0x8 /home/lsys/Scripts/ZILO-SYS/ZILO-SYS/build/kernel/c/arch/i686/irq.obj
 .data          0x0010c144        0x0 /home/lsys/Scripts/ZILO-SYS/ZILO-SYS/build/kernel/c/arch/i686/isr.obj
 .data          0x0010c144        0x0 /home/lsys/Scripts/ZILO-SYS/ZILO-SYS/build/kernel/c/arch/i686/isrs_gen.obj
 .data          0x0010c144        0x4 /home/lsys/Scripts/ZILO-SYS/ZILO-SYS/build/kernel/c/arch/i686/keyboard.obj
 .data          0x0010c148        0x0 /home/lsys/Scripts/ZILO-SYS/ZILO-SYS/build/kernel/c/arch/i686/pci.obj
 .data          0x0010c148        0x0 /home/lsys/Scripts/ZILO-SYS/ZILO-SYS/build/kernel/c/arch/i686/pic.obj
 .data          0x0010c148        0x0 /home/lsys/Scripts/ZILO-SYS/ZILO-SYS/build/kernel/c/drivers/audio/dma.obj
 *fill*         0x0010c148       0x18 
 .data          0x0010c160       0x7c /home/lsys/Scripts/ZILO-SYS/ZILO-SYS/build/kernel/c/drivers/audio/sb16.obj
                0x0010c160                aria_seq
 .data          0x0010c1dc        0x0 /home/lsys/Scripts/ZILO-SYS/ZILO-SYS/build/kernel/c/drivers/audio/sound.obj
 .data          0x0010c1dc        0x0 /home/lsys/Scripts/ZILO-SYS/ZILO-SYS/build/kernel/c/drivers/audio/speakers.obj
 .data          0x0010c1dc        0x0 /home/lsys/Scripts/ZILO-SYS/ZILO-SYS/build/kernel/c/drivers/block/ahci.obj
 .data          0x0010c1dc        0x0 /home/lsys/Scripts/ZILO-SYS/ZILO-SYS/build/kernel/c/drivers/block/ata.obj
 .data          0x0010c1dc        0x0 /home/lsys/Scripts/ZILO-SYS/ZILO-SYS/build/kernel/c/drivers/block/atapi.obj
 .data          0x0010c1dc        0x0 /home/lsys/Scripts/ZILO-SYS/ZILO-SYS/build/kernel/c/drivers/block/floppy.obj
 .data          0x0010c1dc       0x10 /home/lsys/Scripts/ZILO-SYS/ZILO-SYS/build/kernel/c/drivers/mouse/mouse.obj
 .data          0x0010c1ec        0x0 /home/lsys/Scripts/ZILO-SYS/ZILO-SYS/build/kernel/c/drivers/network/arp.obj
 .data          0x0010c1ec        0x0 /home/lsys/Scripts/ZILO-SYS/ZILO-SYS/build/kernel/c/drivers/network/arp_cache.obj
 .data          0x0010c1ec        0x0 /home/lsys/Scripts/ZILO-SYS/ZILO-SYS/build/kernel/c/drivers/network/rtl8139.obj
 .data          0x0010c1ec        0x0 /home/lsys/Scripts/ZILO-SYS/ZILO-SYS/build/kernel/c/drivers/serial/serial.obj
 .data          0x0010c1ec        0x0 /home/lsys/Scripts/ZILO-SYS/ZILO-SYS/build/kernel/c/drivers/usb/ehci.obj
 .data          0x0010c1ec        0x0 /home/lsys/Scripts/ZILO-SYS/ZILO-SYS/build/kernel/c/drivers/usb/ohci.obj
 .data          0x0010c1ec        0x0 /home/lsys/Scripts/ZILO-SYS/ZILO-SYS/build/kernel/c/drivers/usb/uhci.obj
 .data          0x0010c1ec        0x0 /home/lsys/Scripts/ZILO-SYS/ZILO-SYS/build/kernel/c/drivers/usb/usb.obj
 .data          0x0010c1ec        0x0 /home/lsys/Scripts/ZILO-SYS/ZILO-SYS/build/kernel/c/drivers/usb/xhci.obj
 .data          0x0010c1ec        0x0 /home/lsys/Scripts/ZILO-SYS/ZILO-SYS/build/kernel/c/drivers/video/fb.obj
 .data          0x0010c1ec        0x0 /home/lsys/Scripts/ZILO-SYS/ZILO-SYS/build/kernel/c/drivers/video/fb_terminal.obj
 .data          0x0010c1ec        0x0 /home/lsys/Scripts/ZILO-SYS/ZILO-SYS/build/kernel/c/zilolang/zlibs/zalloc.obj
 .data          0x0010c1ec        0x0 /home/lsys/Scripts/ZILO-SYS/ZILO-SYS/build/kernel/c/zilolang/zlibs/zctype.obj
 .data          0x0010c1ec        0x0 /home/lsys/Scripts/ZILO-SYS/ZILO-SYS/build/kernel/c/zilolang/zlibs/zio.obj
 .data          0x0010c1ec        0x0 /home/lsys/Scripts/ZILO-SYS/ZILO-SYS/build/kernel/c/zilolang/zlibs/zmem.obj
 .data          0x0010c1ec        0x0 /home/lsys/Scripts/ZILO-SYS/ZILO-SYS/build/kernel/c/zilolang/zlibs/zstr.obj
 .data          0x0010c1ec        0x0 /home/lsys/Scripts/ZILO-SYS/ZILO-SYS/build/kernel/c/zilolang/zlibs/ztypes.obj
 .data          0x0010c1ec        0x0 /opt/i686-elf-tools/bin/../lib/gcc/i686-elf/15.2.0/libgcc.a(_udivdi3.o)
 .data          0x0010c1ec        0x0 /opt/i686-elf-tools/bin/../lib/gcc/i686-elf/15.2.0/libgcc.a(_umoddi3.o)

.rodata         0x0010c200     0x3ad0
                0x0010c200                        __rodata_start = .
 *(.rodata)
 .rodata        0x0010c200      0x593 /home/lsys/Scripts/ZILO-SYS/ZILO-SYS/build/kernel/c/main.obj
 *fill*         0x0010c793        0xd 
 .rodata        0x0010c7a0       0x1c /home/lsys/Scripts/ZILO-SYS/ZILO-SYS/build/kernel/c/math.obj
 .rodata        0x0010c7bc       0x47 /home/lsys/Scripts/ZILO-SYS/ZILO-SYS/build/kernel/c/memdetect.obj
 *fill*         0x0010c803        0x1 
 .rodata        0x0010c804      0x95e /home/lsys/Scripts/ZILO-SYS/ZILO-SYS/build/kernel/c/panic.obj
 *fill*         0x0010d162        0x2 
 .rodata        0x0010d164      0xe53 /home/lsys/Scripts/ZILO-SYS/ZILO-SYS/build/kernel/c/shell.obj
 *fill*         0x0010dfb7        0x1 
 .rodata        0x0010dfb8       0x1f /home/lsys/Scripts/ZILO-SYS/ZILO-SYS/build/kernel/c/stdio.obj
                0x0010dfb8                SCREEN_WIDTH
                0x0010dfbc                SCREEN_HEIGHT
                0x0010dfc0                DEFAULT_COLOR
                0x0010dfc4                g_HexChars
 .rodata        0x0010dfd7       0x33 /home/lsys/Scripts/ZILO-SYS/ZILO-SYS/build/kernel/c/syscall.obj
 *fill*         0x0010e00a        0x2 
 .rodata        0x0010e00c        0x4 /home/lsys/Scripts/ZILO-SYS/ZILO-SYS/build/kernel/c/terminal_backend_vga.obj
 .rodata        0x0010e010       0x14 /home/lsys/Scripts/ZILO-SYS/ZILO-SYS/build/kernel/c/terminal.obj
 .rodata        0x0010e024        0x4 /home/lsys/Scripts/ZILO-SYS/ZILO-SYS/build/kernel/c/vga.obj
 .rodata        0x0010e028      0x3b2 /home/lsys/Scripts/ZILO-SYS/ZILO-SYS/build/kernel/c/bin/datetime.obj
 *fill*         0x0010e3da        0x2 
 .rodata        0x0010e3dc       0xb5 /home/lsys/Scripts/ZILO-SYS/ZILO-SYS/build/kernel/c/bin/zedit.obj
 *fill*         0x0010e491        0x3 
 .rodata        0x0010e494      0x1cf /home/lsys/Scripts/ZILO-SYS/ZILO-SYS/build/kernel/c/fs/zdsfs.obj
 *fill*         0x0010e663        0x1 
 .rodata        0x0010e664       0x2e /home/lsys/Scripts/ZILO-SYS/ZILO-SYS/build/kernel/c/memory/paging.obj
 *fill*         0x0010e692        0x2 
 .rodata        0x0010e694       0x31 /home/lsys/Scripts/ZILO-SYS/ZILO-SYS/build/kernel/c/scheduler/scheduler.obj
 *fill*         0x0010e6c5        0x3 
 .rodata        0x0010e6c8       0xdf /home/lsys/Scripts/ZILO-SYS/ZILO-SYS/build/kernel/c/thingamabob/thingamabob.obj
 .rodata        0x0010e7a7       0x2e /home/lsys/Scripts/ZILO-SYS/ZILO-SYS/build/kernel/c/vfs/ramfs.obj
 .rodata        0x0010e7d5       0x44 /home/lsys/Scripts/ZILO-SYS/ZILO-SYS/build/kernel/c/zilolang/codegen.obj
 .rodata        0x0010e819       0x24 /home/lsys/Scripts/ZILO-SYS/ZILO-SYS/build/kernel/c/zilolang/lexer.obj
 *fill*         0x0010e83d        0x3 
 .rodata        0x0010e840       0x22 /home/lsys/Scripts/ZILO-SYS/ZILO-SYS/build/kernel/c/zilolang/main.obj
 *fill*         0x0010e862       0x1e 
 .rodata        0x0010e880      0x34f /home/lsys/Scripts/ZILO-SYS/ZILO-SYS/build/kernel/c/arch/i686/isr.obj
 *fill*         0x0010ebcf       0x11 
 .rodata        0x0010ebe0      0x363 /home/lsys/Scripts/ZILO-SYS/ZILO-SYS/build/kernel/c/arch/i686/keyboard.obj
 *fill*         0x0010ef43        0x1 
 .rodata        0x0010ef44      0x1bf /home/lsys/Scripts/ZILO-SYS/ZILO-SYS/build/kernel/c/arch/i686/pci.obj
 *fill*         0x0010f103        0xd 
 .rodata        0x0010f110      0x11c /home/lsys/Scripts/ZILO-SYS/ZILO-SYS/build/kernel/c/drivers/audio/sb16.obj
 .rodata        0x0010f22c       0x5a /home/lsys/Scripts/ZILO-SYS/ZILO-SYS/build/kernel/c/drivers/block/ahci.obj
 *fill*         0x0010f286        0x2 
 .rodata        0x0010f288      0x18d /home/lsys/Scripts/ZILO-SYS/ZILO-SYS/build/kernel/c/drivers/block/ata.obj
 *fill*         0x0010f415        0x3 
 .rodata        0x0010f418       0x79 /home/lsys/Scripts/ZILO-SYS/ZILO-SYS/build/kernel/c/drivers/block/atapi.obj
 *fill*         0x0010f491        0x3 
 .rodata        0x0010f494       0x5b /home/lsys/Scripts/ZILO-SYS/ZILO-SYS/build/kernel/c/drivers/block/floppy.obj
 *fill*         0x0010f4ef        0x1 
 .rodata        0x0010f4f0       0x59 /home/lsys/Scripts/ZILO-SYS/ZILO-SYS/build/kernel/c/drivers/mouse/mouse.obj
 *fill*         0x0010f549        0x3 
 .rodata        0x0010f54c        0x6 /home/lsys/Scripts/ZILO-SYS/ZILO-SYS/build/kernel/c/drivers/network/arp.obj
 *fill*         0x0010f552        0x2 
 .rodata        0x0010f554       0xab /home/lsys/Scripts/ZILO-SYS/ZILO-SYS/build/kernel/c/drivers/network/rtl8139.obj
 *fill*         0x0010f5ff        0x1 
 .rodata        0x0010f600       0x30 /home/lsys/Scripts/ZILO-SYS/ZILO-SYS/build/kernel/c/drivers/serial/serial.obj
 .rodata        0x0010f630      0x1c6 /home/lsys/Scripts/ZILO-SYS/ZILO-SYS/build/kernel/c/drivers/usb/ehci.obj
 *fill*         0x0010f7f6        0x2 
 .rodata        0x0010f7f8      0x10c /home/lsys/Scripts/ZILO-SYS/ZILO-SYS/build/kernel/c/drivers/usb/ohci.obj
 .rodata        0x0010f904      0x1dd /home/lsys/Scripts/ZILO-SYS/ZILO-SYS/build/kernel/c/drivers/usb/uhci.obj
 *fill*         0x0010fae1        0x3 
 .rodata        0x0010fae4       0x35 /home/lsys/Scripts/ZILO-SYS/ZILO-SYS/build/kernel/c/drivers/usb/usb.obj
 *fill*         0x0010fb19        0x3 
 .rodata        0x0010fb1c      0x1b4 /home/lsys/Scripts/ZILO-SYS/ZILO-SYS/build/kernel/c/drivers/usb/xhci.obj

.eh_frame       0x0010fcd0       0xd8
 .eh_frame      0x0010fcd0       0x64 /opt/i686-elf-tools/bin/../lib/gcc/i686-elf/15.2.0/libgcc.a(_udivdi3.o)
 .eh_frame      0x0010fd34       0x74 /opt/i686-elf-tools/bin/../lib/gcc/i686-elf/15.2.0/libgcc.a(_umoddi3.o)

.bss            0x00110000   0x111020
                0x00110000                        __bss_start = .
 *(.bss)
 .bss           0x00110000        0x0 /home/lsys/Scripts/ZILO-SYS/ZILO-SYS/build/kernel/c/cmos.obj
 .bss           0x00110000        0x0 /home/lsys/Scripts/ZILO-SYS/ZILO-SYS/build/kernel/c/font.obj
 .bss           0x00110000   0x100004 /home/lsys/Scripts/ZILO-SYS/ZILO-SYS/build/kernel/c/heap.obj
 .bss           0x00210004        0x0 /home/lsys/Scripts/ZILO-SYS/ZILO-SYS/build/kernel/c/main.obj
 .bss           0x00210004        0x0 /home/lsys/Scripts/ZILO-SYS/ZILO-SYS/build/kernel/c/math.obj
 *fill*         0x00210004       0x1c 
 .bss           0x00210020      0x304 /home/lsys/Scripts/ZILO-SYS/ZILO-SYS/build/kernel/c/memdetect.obj
                0x00210020                g_MemRegions
                0x00210320                g_MemRegionCount
 .bss           0x00210324        0x0 /home/lsys/Scripts/ZILO-SYS/ZILO-SYS/build/kernel/c/memory.obj
 .bss           0x00210324        0x0 /home/lsys/Scripts/ZILO-SYS/ZILO-SYS/build/kernel/c/panic.obj
 .bss           0x00210324        0x4 /home/lsys/Scripts/ZILO-SYS/ZILO-SYS/build/kernel/c/pit.obj
 .bss           0x00210328        0x0 /home/lsys/Scripts/ZILO-SYS/ZILO-SYS/build/kernel/c/power.obj
 .bss           0x00210328        0x0 /home/lsys/Scripts/ZILO-SYS/ZILO-SYS/build/kernel/c/shell.obj
 .bss           0x00210328        0x8 /home/lsys/Scripts/ZILO-SYS/ZILO-SYS/build/kernel/c/stdio.obj
                0x00210328                g_ScreenX
                0x0021032c                g_ScreenY
 .bss           0x00210330        0x0 /home/lsys/Scripts/ZILO-SYS/ZILO-SYS/build/kernel/c/string.obj
 .bss           0x00210330        0x0 /home/lsys/Scripts/ZILO-SYS/ZILO-SYS/build/kernel/c/syscall.obj
 .bss           0x00210330        0x8 /home/lsys/Scripts/ZILO-SYS/ZILO-SYS/build/kernel/c/terminal_backend_vga.obj
 *fill*         0x00210338        0x8 
 .bss           0x00210340     0x7d0c /home/lsys/Scripts/ZILO-SYS/ZILO-SYS/build/kernel/c/terminal.obj
 .bss           0x0021804c        0x0 /home/lsys/Scripts/ZILO-SYS/ZILO-SYS/build/kernel/c/time.obj
 .bss           0x0021804c        0x0 /home/lsys/Scripts/ZILO-SYS/ZILO-SYS/build/kernel/c/vga.obj
 .bss           0x0021804c        0x0 /home/lsys/Scripts/ZILO-SYS/ZILO-SYS/build/kernel/c/bin/datetime.obj
 *fill*         0x0021804c       0x14 
 .bss           0x00218060     0x1000 /home/lsys/Scripts/ZILO-SYS/ZILO-SYS/build/kernel/c/bin/zedit.obj
 .bss           0x00219060     0x1020 /home/lsys/Scripts/ZILO-SYS/ZILO-SYS/build/kernel/c/fs/zdsfs.obj
 .bss           0x0021a080        0x0 /home/lsys/Scripts/ZILO-SYS/ZILO-SYS/build/kernel/c/hal/hal.obj
 .bss           0x0021a080        0x4 /home/lsys/Scripts/ZILO-SYS/ZILO-SYS/build/kernel/c/memory/paging.obj
                0x0021a080                kernel_directory
 .bss           0x0021a084        0x0 /home/lsys/Scripts/ZILO-SYS/ZILO-SYS/build/kernel/c/process/process.obj
 .bss           0x0021a084        0x8 /home/lsys/Scripts/ZILO-SYS/ZILO-SYS/build/kernel/c/scheduler/scheduler.obj
                0x0021a084                current
                0x0021a088                head
 .bss           0x0021a08c        0x4 /home/lsys/Scripts/ZILO-SYS/ZILO-SYS/build/kernel/c/thingamabob/thingamabob.obj
 .bss           0x0021a090        0x0 /home/lsys/Scripts/ZILO-SYS/ZILO-SYS/build/kernel/c/vfs/ramfs.obj
 *fill*         0x0021a090       0x10 
 .bss           0x0021a0a0      0x104 /home/lsys/Scripts/ZILO-SYS/ZILO-SYS/build/kernel/c/vfs/vfs.obj
 .bss           0x0021a1a4        0x0 /home/lsys/Scripts/ZILO-SYS/ZILO-SYS/build/kernel/c/zilolang/ast.obj
 .bss           0x0021a1a4        0x0 /home/lsys/Scripts/ZILO-SYS/ZILO-SYS/build/kernel/c/zilolang/codegen.obj
 .bss           0x0021a1a4        0x0 /home/lsys/Scripts/ZILO-SYS/ZILO-SYS/build/kernel/c/zilolang/lexer.obj
 .bss           0x0021a1a4        0x0 /home/lsys/Scripts/ZILO-SYS/ZILO-SYS/build/kernel/c/zilolang/main.obj
 .bss           0x0021a1a4        0x0 /home/lsys/Scripts/ZILO-SYS/ZILO-SYS/build/kernel/c/zilolang/parser.obj
 .bss           0x0021a1a4        0x0 /home/lsys/Scripts/ZILO-SYS/ZILO-SYS/build/kernel/c/arch/i686/gdt.obj
 *fill*         0x0021a1a4       0x1c 
 .bss           0x0021a1c0      0x800 /home/lsys/Scripts/ZILO-SYS/ZILO-SYS/build/kernel/c/arch/i686/idt.obj
                0x0021a1c0                g_IDT
 .bss           0x0021a9c0        0x0 /home/lsys/Scripts/ZILO-SYS/ZILO-SYS/build/kernel/c/arch/i686/io.obj
 .bss           0x0021a9c0       0x40 /home/lsys/Scripts/ZILO-SYS/ZILO-SYS/build/kernel/c/arch/i686/irq.obj
                0x0021a9c0                g_IRQHandlers
 .bss           0x0021aa00      0x400 /home/lsys/Scripts/ZILO-SYS/ZILO-SYS/build/kernel/c/arch/i686/isr.obj
                0x0021aa00                g_ISRHandlers
 .bss           0x0021ae00        0x0 /home/lsys/Scripts/ZILO-SYS/ZILO-SYS/build/kernel/c/arch/i686/isrs_gen.obj
 .bss           0x0021ae00      0x148 /home/lsys/Scripts/ZILO-SYS/ZILO-SYS/build/kernel/c/arch/i686/keyboard.obj
                0x0021ae00                input_mode
 .bss           0x0021af48       0x14 /home/lsys/Scripts/ZILO-SYS/ZILO-SYS/build/kernel/c/arch/i686/pci.obj
                0x0021af48                ahci_dev
                0x0021af4c                ahci_found
                0x0021af50                gpu_dev
                0x0021af58                gpu_found
 .bss           0x0021af5c        0xc /home/lsys/Scripts/ZILO-SYS/ZILO-SYS/build/kernel/c/arch/i686/pic.obj
                0x0021af5c                PIC_ICW1
                0x0021af60                PIC_ICW4
                0x0021af64                PIC_CMD
 .bss           0x0021af68        0x0 /home/lsys/Scripts/ZILO-SYS/ZILO-SYS/build/kernel/c/drivers/audio/dma.obj
 *fill*         0x0021af68       0x18 
 .bss           0x0021af80     0x1000 /home/lsys/Scripts/ZILO-SYS/ZILO-SYS/build/kernel/c/drivers/audio/sb16.obj
 .bss           0x0021bf80        0x0 /home/lsys/Scripts/ZILO-SYS/ZILO-SYS/build/kernel/c/drivers/audio/sound.obj
 .bss           0x0021bf80        0x0 /home/lsys/Scripts/ZILO-SYS/ZILO-SYS/build/kernel/c/drivers/audio/speakers.obj
 .bss           0x0021bf80        0x0 /home/lsys/Scripts/ZILO-SYS/ZILO-SYS/build/kernel/c/drivers/block/ahci.obj
 .bss           0x0021bf80        0x0 /home/lsys/Scripts/ZILO-SYS/ZILO-SYS/build/kernel/c/drivers/block/ata.obj
 .bss           0x0021bf80        0x0 /home/lsys/Scripts/ZILO-SYS/ZILO-SYS/build/kernel/c/drivers/block/atapi.obj
 .bss           0x0021bf80        0x0 /home/lsys/Scripts/ZILO-SYS/ZILO-SYS/build/kernel/c/drivers/block/floppy.obj
 .bss           0x0021bf80        0x8 /home/lsys/Scripts/ZILO-SYS/ZILO-SYS/build/kernel/c/drivers/mouse/mouse.obj
                0x0021bf80                mouse_updated
 .bss           0x0021bf88        0x0 /home/lsys/Scripts/ZILO-SYS/ZILO-SYS/build/kernel/c/drivers/network/arp.obj
 *fill*         0x0021bf88       0x18 
 .bss           0x0021bfa0      0x100 /home/lsys/Scripts/ZILO-SYS/ZILO-SYS/build/kernel/c/drivers/network/arp_cache.obj
 .bss           0x0021c0a0     0x2bd2 /home/lsys/Scripts/ZILO-SYS/ZILO-SYS/build/kernel/c/drivers/network/rtl8139.obj
 .bss           0x0021ec72        0x0 /home/lsys/Scripts/ZILO-SYS/ZILO-SYS/build/kernel/c/drivers/serial/serial.obj
 *fill*         0x0021ec72        0x2 
 .bss           0x0021ec74       0x10 /home/lsys/Scripts/ZILO-SYS/ZILO-SYS/build/kernel/c/drivers/usb/ehci.obj
 .bss           0x0021ec84        0x4 /home/lsys/Scripts/ZILO-SYS/ZILO-SYS/build/kernel/c/drivers/usb/ohci.obj
 *fill*         0x0021ec88      0x378 
 .bss           0x0021f000     0x2000 /home/lsys/Scripts/ZILO-SYS/ZILO-SYS/build/kernel/c/drivers/usb/uhci.obj
 .bss           0x00221000        0x0 /home/lsys/Scripts/ZILO-SYS/ZILO-SYS/build/kernel/c/drivers/usb/usb.obj
 .bss           0x00221000        0x4 /home/lsys/Scripts/ZILO-SYS/ZILO-SYS/build/kernel/c/drivers/usb/xhci.obj
 .bss           0x00221004       0x14 /home/lsys/Scripts/ZILO-SYS/ZILO-SYS/build/kernel/c/drivers/video/fb.obj
 .bss           0x00221018        0x8 /home/lsys/Scripts/ZILO-SYS/ZILO-SYS/build/kernel/c/drivers/video/fb_terminal.obj
 .bss           0x00221020        0x0 /home/lsys/Scripts/ZILO-SYS/ZILO-SYS/build/kernel/c/zilolang/zlibs/zalloc.obj
 .bss           0x00221020        0x0 /home/lsys/Scripts/ZILO-SYS/ZILO-SYS/build/kernel/c/zilolang/zlibs/zctype.obj
 .bss           0x00221020        0x0 /home/lsys/Scripts/ZILO-SYS/ZILO-SYS/build/kernel/c/zilolang/zlibs/zio.obj
 .bss           0x00221020        0x0 /home/lsys/Scripts/ZILO-SYS/ZILO-SYS/build/kernel/c/zilolang/zlibs/zmem.obj
 .bss           0x00221020        0x0 /home/lsys/Scripts/ZILO-SYS/ZILO-SYS/build/kernel/c/zilolang/zlibs/zstr.obj
 .bss           0x00221020        0x0 /home/lsys/Scripts/ZILO-SYS/ZILO-SYS/build/kernel/c/zilolang/zlibs/ztypes.obj
 .bss           0x00221020        0x0 /opt/i686-elf-tools/bin/../lib/gcc/i686-elf/15.2.0/libgcc.a(_udivdi3.o)
 .bss           0x00221020        0x0 /opt/i686-elf-tools/bin/../lib/gcc/i686-elf/15.2.0/libgcc.a(_umoddi3.o)
                0x00221020                        __end = .
OUTPUT(/home/lsys/Scripts/ZILO-SYS/ZILO-SYS/build/kernel.bin binary)

.debug_info     0x00000000     0xb21a
 .debug_info    0x00000000      0x225 /home/lsys/Scripts/ZILO-SYS/ZILO-SYS/build/kernel/c/cmos.obj
 .debug_info    0x00000225       0x94 /home/lsys/Scripts/ZILO-SYS/ZILO-SYS/build/kernel/c/font.obj
 .debug_info    0x000002b9       0xf5 /home/lsys/Scripts/ZILO-SYS/ZILO-SYS/build/kernel/c/heap.obj
 .debug_info    0x000003ae      0x83f /home/lsys/Scripts/ZILO-SYS/ZILO-SYS/build/kernel/c/main.obj
 .debug_info    0x00000bed      0x2c6 /home/lsys/Scripts/ZILO-SYS/ZILO-SYS/build/kernel/c/math.obj
 .debug_info    0x00000eb3      0x1c3 /home/lsys/Scripts/ZILO-SYS/ZILO-SYS/build/kernel/c/memdetect.obj
 .debug_info    0x00001076      0x1e8 /home/lsys/Scripts/ZILO-SYS/ZILO-SYS/build/kernel/c/memory.obj
 .debug_info    0x0000125e      0x2ef /home/lsys/Scripts/ZILO-SYS/ZILO-SYS/build/kernel/c/panic.obj
 .debug_info    0x0000154d      0x241 /home/lsys/Scripts/ZILO-SYS/ZILO-SYS/build/kernel/c/pit.obj
 .debug_info    0x0000178e       0xe3 /home/lsys/Scripts/ZILO-SYS/ZILO-SYS/build/kernel/c/power.obj
 .debug_info    0x00001871      0x769 /home/lsys/Scripts/ZILO-SYS/ZILO-SYS/build/kernel/c/shell.obj
 .debug_info    0x00001fda      0x54c /home/lsys/Scripts/ZILO-SYS/ZILO-SYS/build/kernel/c/stdio.obj
 .debug_info    0x00002526      0x1b4 /home/lsys/Scripts/ZILO-SYS/ZILO-SYS/build/kernel/c/string.obj
 .debug_info    0x000026da      0x205 /home/lsys/Scripts/ZILO-SYS/ZILO-SYS/build/kernel/c/syscall.obj
 .debug_info    0x000028df      0x16d /home/lsys/Scripts/ZILO-SYS/ZILO-SYS/build/kernel/c/terminal_backend_vga.obj
 .debug_info    0x00002a4c      0x51a /home/lsys/Scripts/ZILO-SYS/ZILO-SYS/build/kernel/c/terminal.obj
 .debug_info    0x00002f66       0xd1 /home/lsys/Scripts/ZILO-SYS/ZILO-SYS/build/kernel/c/time.obj
 .debug_info    0x00003037       0xce /home/lsys/Scripts/ZILO-SYS/ZILO-SYS/build/kernel/c/vga.obj
 .debug_info    0x00003105      0x2e9 /home/lsys/Scripts/ZILO-SYS/ZILO-SYS/build/kernel/c/bin/datetime.obj
 .debug_info    0x000033ee      0x2fd /home/lsys/Scripts/ZILO-SYS/ZILO-SYS/build/kernel/c/bin/zedit.obj
 .debug_info    0x000036eb      0x57a /home/lsys/Scripts/ZILO-SYS/ZILO-SYS/build/kernel/c/fs/zdsfs.obj
 .debug_info    0x00003c65       0xde /home/lsys/Scripts/ZILO-SYS/ZILO-SYS/build/kernel/c/hal/hal.obj
 .debug_info    0x00003d43      0x1eb /home/lsys/Scripts/ZILO-SYS/ZILO-SYS/build/kernel/c/memory/paging.obj
 .debug_info    0x00003f2e      0x28f /home/lsys/Scripts/ZILO-SYS/ZILO-SYS/build/kernel/c/process/process.obj
 .debug_info    0x000041bd      0x2c5 /home/lsys/Scripts/ZILO-SYS/ZILO-SYS/build/kernel/c/scheduler/scheduler.obj
 .debug_info    0x00004482       0xe9 /home/lsys/Scripts/ZILO-SYS/ZILO-SYS/build/kernel/c/thingamabob/thingamabob.obj
 .debug_info    0x0000456b      0x388 /home/lsys/Scripts/ZILO-SYS/ZILO-SYS/build/kernel/c/vfs/ramfs.obj
 .debug_info    0x000048f3      0x340 /home/lsys/Scripts/ZILO-SYS/ZILO-SYS/build/kernel/c/vfs/vfs.obj
 .debug_info    0x00004c33      0x186 /home/lsys/Scripts/ZILO-SYS/ZILO-SYS/build/kernel/c/zilolang/ast.obj
 .debug_info    0x00004db9      0x152 /home/lsys/Scripts/ZILO-SYS/ZILO-SYS/build/kernel/c/zilolang/codegen.obj
 .debug_info    0x00004f0b      0x301 /home/lsys/Scripts/ZILO-SYS/ZILO-SYS/build/kernel/c/zilolang/lexer.obj
 .debug_info    0x0000520c      0x2bf /home/lsys/Scripts/ZILO-SYS/ZILO-SYS/build/kernel/c/zilolang/main.obj
 .debug_info    0x000054cb      0x36c /home/lsys/Scripts/ZILO-SYS/ZILO-SYS/build/kernel/c/zilolang/parser.obj
 .debug_info    0x00005837      0x1fa /home/lsys/Scripts/ZILO-SYS/ZILO-SYS/build/kernel/c/arch/i686/gdt.obj
 .debug_info    0x00005a31      0x24e /home/lsys/Scripts/ZILO-SYS/ZILO-SYS/build/kernel/c/arch/i686/idt.obj
 .debug_info    0x00005c7f       0xac /home/lsys/Scripts/ZILO-SYS/ZILO-SYS/build/kernel/c/arch/i686/io.obj
 .debug_info    0x00005d2b      0x2a6 /home/lsys/Scripts/ZILO-SYS/ZILO-SYS/build/kernel/c/arch/i686/irq.obj
 .debug_info    0x00005fd1      0x31e /home/lsys/Scripts/ZILO-SYS/ZILO-SYS/build/kernel/c/arch/i686/isr.obj
 .debug_info    0x000062ef      0xd09 /home/lsys/Scripts/ZILO-SYS/ZILO-SYS/build/kernel/c/arch/i686/isrs_gen.obj
 .debug_info    0x00006ff8      0x5a9 /home/lsys/Scripts/ZILO-SYS/ZILO-SYS/build/kernel/c/arch/i686/keyboard.obj
 .debug_info    0x000075a1      0x512 /home/lsys/Scripts/ZILO-SYS/ZILO-SYS/build/kernel/c/arch/i686/pci.obj
 .debug_info    0x00007ab3      0x267 /home/lsys/Scripts/ZILO-SYS/ZILO-SYS/build/kernel/c/arch/i686/pic.obj
 .debug_info    0x00007d1a      0x126 /home/lsys/Scripts/ZILO-SYS/ZILO-SYS/build/kernel/c/drivers/audio/dma.obj
 .debug_info    0x00007e40      0x5f4 /home/lsys/Scripts/ZILO-SYS/ZILO-SYS/build/kernel/c/drivers/audio/sb16.obj
 .debug_info    0x00008434       0xea /home/lsys/Scripts/ZILO-SYS/ZILO-SYS/build/kernel/c/drivers/audio/sound.obj
 .debug_info    0x0000851e      0x18c /home/lsys/Scripts/ZILO-SYS/ZILO-SYS/build/kernel/c/drivers/audio/speakers.obj
 .debug_info    0x000086aa      0x130 /home/lsys/Scripts/ZILO-SYS/ZILO-SYS/build/kernel/c/drivers/block/ahci.obj
 .debug_info    0x000087da      0x314 /home/lsys/Scripts/ZILO-SYS/ZILO-SYS/build/kernel/c/drivers/block/ata.obj
 .debug_info    0x00008aee      0x112 /home/lsys/Scripts/ZILO-SYS/ZILO-SYS/build/kernel/c/drivers/block/atapi.obj
 .debug_info    0x00008c00       0xf5 /home/lsys/Scripts/ZILO-SYS/ZILO-SYS/build/kernel/c/drivers/block/floppy.obj
 .debug_info    0x00008cf5      0x29e /home/lsys/Scripts/ZILO-SYS/ZILO-SYS/build/kernel/c/drivers/mouse/mouse.obj
 .debug_info    0x00008f93      0x294 /home/lsys/Scripts/ZILO-SYS/ZILO-SYS/build/kernel/c/drivers/network/arp.obj
 .debug_info    0x00009227      0x22b /home/lsys/Scripts/ZILO-SYS/ZILO-SYS/build/kernel/c/drivers/network/arp_cache.obj
 .debug_info    0x00009452      0x31b /home/lsys/Scripts/ZILO-SYS/ZILO-SYS/build/kernel/c/drivers/network/rtl8139.obj
 .debug_info    0x0000976d      0x140 /home/lsys/Scripts/ZILO-SYS/ZILO-SYS/build/kernel/c/drivers/serial/serial.obj
 .debug_info    0x000098ad      0x255 /home/lsys/Scripts/ZILO-SYS/ZILO-SYS/build/kernel/c/drivers/usb/ehci.obj
 .debug_info    0x00009b02      0x1de /home/lsys/Scripts/ZILO-SYS/ZILO-SYS/build/kernel/c/drivers/usb/ohci.obj
 .debug_info    0x00009ce0      0x245 /home/lsys/Scripts/ZILO-SYS/ZILO-SYS/build/kernel/c/drivers/usb/uhci.obj
 .debug_info    0x00009f25       0xa3 /home/lsys/Scripts/ZILO-SYS/ZILO-SYS/build/kernel/c/drivers/usb/usb.obj
 .debug_info    0x00009fc8      0x28c /home/lsys/Scripts/ZILO-SYS/ZILO-SYS/build/kernel/c/drivers/usb/xhci.obj
 .debug_info    0x0000a254      0x22e /home/lsys/Scripts/ZILO-SYS/ZILO-SYS/build/kernel/c/drivers/video/fb.obj
 .debug_info    0x0000a482      0x11c /home/lsys/Scripts/ZILO-SYS/ZILO-SYS/build/kernel/c/drivers/video/fb_terminal.obj
 .debug_info    0x0000a59e       0xcf /home/lsys/Scripts/ZILO-SYS/ZILO-SYS/build/kernel/c/zilolang/zlibs/zalloc.obj
 .debug_info    0x0000a66d       0xd0 /home/lsys/Scripts/ZILO-SYS/ZILO-SYS/build/kernel/c/zilolang/zlibs/zctype.obj
 .debug_info    0x0000a73d      0x186 /home/lsys/Scripts/ZILO-SYS/ZILO-SYS/build/kernel/c/zilolang/zlibs/zio.obj
 .debug_info    0x0000a8c3      0x15d /home/lsys/Scripts/ZILO-SYS/ZILO-SYS/build/kernel/c/zilolang/zlibs/zmem.obj
 .debug_info    0x0000aa20      0x122 /home/lsys/Scripts/ZILO-SYS/ZILO-SYS/build/kernel/c/zilolang/zlibs/zstr.obj
 .debug_info    0x0000ab42       0x57 /home/lsys/Scripts/ZILO-SYS/ZILO-SYS/build/kernel/c/zilolang/zlibs/ztypes.obj
 .debug_info    0x0000ab99      0x331 /opt/i686-elf-tools/bin/../lib/gcc/i686-elf/15.2.0/libgcc.a(_udivdi3.o)
 .debug_info    0x0000aeca      0x350 /opt/i686-elf-tools/bin/../lib/gcc/i686-elf/15.2.0/libgcc.a(_umoddi3.o)

.debug_abbrev   0x00000000     0x4ea9
 .debug_abbrev  0x00000000      0x14b /home/lsys/Scripts/ZILO-SYS/ZILO-SYS/build/kernel/c/cmos.obj
 .debug_abbrev  0x0000014b       0x4b /home/lsys/Scripts/ZILO-SYS/ZILO-SYS/build/kernel/c/font.obj
 .debug_abbrev  0x00000196       0xa3 /home/lsys/Scripts/ZILO-SYS/ZILO-SYS/build/kernel/c/heap.obj
 .debug_abbrev  0x00000239      0x209 /home/lsys/Scripts/ZILO-SYS/ZILO-SYS/build/kernel/c/main.obj
 .debug_abbrev  0x00000442      0x102 /home/lsys/Scripts/ZILO-SYS/ZILO-SYS/build/kernel/c/math.obj
 .debug_abbrev  0x00000544      0x12f /home/lsys/Scripts/ZILO-SYS/ZILO-SYS/build/kernel/c/memdetect.obj
 .debug_abbrev  0x00000673       0xe2 /home/lsys/Scripts/ZILO-SYS/ZILO-SYS/build/kernel/c/memory.obj
 .debug_abbrev  0x00000755      0x13c /home/lsys/Scripts/ZILO-SYS/ZILO-SYS/build/kernel/c/panic.obj
 .debug_abbrev  0x00000891      0x12b /home/lsys/Scripts/ZILO-SYS/ZILO-SYS/build/kernel/c/pit.obj
 .debug_abbrev  0x000009bc       0x8a /home/lsys/Scripts/ZILO-SYS/ZILO-SYS/build/kernel/c/power.obj
 .debug_abbrev  0x00000a46      0x25b /home/lsys/Scripts/ZILO-SYS/ZILO-SYS/build/kernel/c/shell.obj
 .debug_abbrev  0x00000ca1      0x1f6 /home/lsys/Scripts/ZILO-SYS/ZILO-SYS/build/kernel/c/stdio.obj
 .debug_abbrev  0x00000e97       0xd4 /home/lsys/Scripts/ZILO-SYS/ZILO-SYS/build/kernel/c/string.obj
 .debug_abbrev  0x00000f6b      0x116 /home/lsys/Scripts/ZILO-SYS/ZILO-SYS/build/kernel/c/syscall.obj
 .debug_abbrev  0x00001081       0xcd /home/lsys/Scripts/ZILO-SYS/ZILO-SYS/build/kernel/c/terminal_backend_vga.obj
 .debug_abbrev  0x0000114e      0x1ef /home/lsys/Scripts/ZILO-SYS/ZILO-SYS/build/kernel/c/terminal.obj
 .debug_abbrev  0x0000133d       0xa7 /home/lsys/Scripts/ZILO-SYS/ZILO-SYS/build/kernel/c/time.obj
 .debug_abbrev  0x000013e4       0x97 /home/lsys/Scripts/ZILO-SYS/ZILO-SYS/build/kernel/c/vga.obj
 .debug_abbrev  0x0000147b      0x15f /home/lsys/Scripts/ZILO-SYS/ZILO-SYS/build/kernel/c/bin/datetime.obj
 .debug_abbrev  0x000015da      0x173 /home/lsys/Scripts/ZILO-SYS/ZILO-SYS/build/kernel/c/bin/zedit.obj
 .debug_abbrev  0x0000174d      0x200 /home/lsys/Scripts/ZILO-SYS/ZILO-SYS/build/kernel/c/fs/zdsfs.obj
 .debug_abbrev  0x0000194d       0x85 /home/lsys/Scripts/ZILO-SYS/ZILO-SYS/build/kernel/c/hal/hal.obj
 .debug_abbrev  0x000019d2      0x168 /home/lsys/Scripts/ZILO-SYS/ZILO-SYS/build/kernel/c/memory/paging.obj
 .debug_abbrev  0x00001b3a      0x11d /home/lsys/Scripts/ZILO-SYS/ZILO-SYS/build/kernel/c/process/process.obj
 .debug_abbrev  0x00001c57      0x130 /home/lsys/Scripts/ZILO-SYS/ZILO-SYS/build/kernel/c/scheduler/scheduler.obj
 .debug_abbrev  0x00001d87       0x9d /home/lsys/Scripts/ZILO-SYS/ZILO-SYS/build/kernel/c/thingamabob/thingamabob.obj
 .debug_abbrev  0x00001e24      0x191 /home/lsys/Scripts/ZILO-SYS/ZILO-SYS/build/kernel/c/vfs/ramfs.obj
 .debug_abbrev  0x00001fb5      0x174 /home/lsys/Scripts/ZILO-SYS/ZILO-SYS/build/kernel/c/vfs/vfs.obj
 .debug_abbrev  0x00002129      0x109 /home/lsys/Scripts/ZILO-SYS/ZILO-SYS/build/kernel/c/zilolang/ast.obj
 .debug_abbrev  0x00002232       0xf7 /home/lsys/Scripts/ZILO-SYS/ZILO-SYS/build/kernel/c/zilolang/codegen.obj
 .debug_abbrev  0x00002329      0x18d /home/lsys/Scripts/ZILO-SYS/ZILO-SYS/build/kernel/c/zilolang/lexer.obj
 .debug_abbrev  0x000024b6      0x12f /home/lsys/Scripts/ZILO-SYS/ZILO-SYS/build/kernel/c/zilolang/main.obj
 .debug_abbrev  0x000025e5      0x1a6 /home/lsys/Scripts/ZILO-SYS/ZILO-SYS/build/kernel/c/zilolang/parser.obj
 .debug_abbrev  0x0000278b       0xf0 /home/lsys/Scripts/ZILO-SYS/ZILO-SYS/build/kernel/c/arch/i686/gdt.obj
 .debug_abbrev  0x0000287b      0x122 /home/lsys/Scripts/ZILO-SYS/ZILO-SYS/build/kernel/c/arch/i686/idt.obj
 .debug_abbrev  0x0000299d       0x6d /home/lsys/Scripts/ZILO-SYS/ZILO-SYS/build/kernel/c/arch/i686/io.obj
 .debug_abbrev  0x00002a0a      0x179 /home/lsys/Scripts/ZILO-SYS/ZILO-SYS/build/kernel/c/arch/i686/irq.obj
 .debug_abbrev  0x00002b83      0x173 /home/lsys/Scripts/ZILO-SYS/ZILO-SYS/build/kernel/c/arch/i686/isr.obj
 .debug_abbrev  0x00002cf6       0xbf /home/lsys/Scripts/ZILO-SYS/ZILO-SYS/build/kernel/c/arch/i686/isrs_gen.obj
 .debug_abbrev  0x00002db5      0x214 /home/lsys/Scripts/ZILO-SYS/ZILO-SYS/build/kernel/c/arch/i686/keyboard.obj
 .debug_abbrev  0x00002fc9      0x17e /home/lsys/Scripts/ZILO-SYS/ZILO-SYS/build/kernel/c/arch/i686/pci.obj
 .debug_abbrev  0x00003147      0x15a /home/lsys/Scripts/ZILO-SYS/ZILO-SYS/build/kernel/c/arch/i686/pic.obj
 .debug_abbrev  0x000032a1       0xc3 /home/lsys/Scripts/ZILO-SYS/ZILO-SYS/build/kernel/c/drivers/audio/dma.obj
 .debug_abbrev  0x00003364      0x242 /home/lsys/Scripts/ZILO-SYS/ZILO-SYS/build/kernel/c/drivers/audio/sb16.obj
 .debug_abbrev  0x000035a6       0x8b /home/lsys/Scripts/ZILO-SYS/ZILO-SYS/build/kernel/c/drivers/audio/sound.obj
 .debug_abbrev  0x00003631       0xee /home/lsys/Scripts/ZILO-SYS/ZILO-SYS/build/kernel/c/drivers/audio/speakers.obj
 .debug_abbrev  0x0000371f       0xcf /home/lsys/Scripts/ZILO-SYS/ZILO-SYS/build/kernel/c/drivers/block/ahci.obj
 .debug_abbrev  0x000037ee      0x161 /home/lsys/Scripts/ZILO-SYS/ZILO-SYS/build/kernel/c/drivers/block/ata.obj
 .debug_abbrev  0x0000394f       0xba /home/lsys/Scripts/ZILO-SYS/ZILO-SYS/build/kernel/c/drivers/block/atapi.obj
 .debug_abbrev  0x00003a09       0xbe /home/lsys/Scripts/ZILO-SYS/ZILO-SYS/build/kernel/c/drivers/block/floppy.obj
 .debug_abbrev  0x00003ac7      0x176 /home/lsys/Scripts/ZILO-SYS/ZILO-SYS/build/kernel/c/drivers/mouse/mouse.obj
 .debug_abbrev  0x00003c3d      0x162 /home/lsys/Scripts/ZILO-SYS/ZILO-SYS/build/kernel/c/drivers/network/arp.obj
 .debug_abbrev  0x00003d9f      0x131 /home/lsys/Scripts/ZILO-SYS/ZILO-SYS/build/kernel/c/drivers/network/arp_cache.obj
 .debug_abbrev  0x00003ed0      0x17a /home/lsys/Scripts/ZILO-SYS/ZILO-SYS/build/kernel/c/drivers/network/rtl8139.obj
 .debug_abbrev  0x0000404a       0xda /home/lsys/Scripts/ZILO-SYS/ZILO-SYS/build/kernel/c/drivers/serial/serial.obj
 .debug_abbrev  0x00004124      0x124 /home/lsys/Scripts/ZILO-SYS/ZILO-SYS/build/kernel/c/drivers/usb/ehci.obj
 .debug_abbrev  0x00004248      0x10a /home/lsys/Scripts/ZILO-SYS/ZILO-SYS/build/kernel/c/drivers/usb/ohci.obj
 .debug_abbrev  0x00004352      0x158 /home/lsys/Scripts/ZILO-SYS/ZILO-SYS/build/kernel/c/drivers/usb/uhci.obj
 .debug_abbrev  0x000044aa       0x6f /home/lsys/Scripts/ZILO-SYS/ZILO-SYS/build/kernel/c/drivers/usb/usb.obj
 .debug_abbrev  0x00004519      0x125 /home/lsys/Scripts/ZILO-SYS/ZILO-SYS/build/kernel/c/drivers/usb/xhci.obj
 .debug_abbrev  0x0000463e      0x100 /home/lsys/Scripts/ZILO-SYS/ZILO-SYS/build/kernel/c/drivers/video/fb.obj
 .debug_abbrev  0x0000473e       0xae /home/lsys/Scripts/ZILO-SYS/ZILO-SYS/build/kernel/c/drivers/video/fb_terminal.obj
 .debug_abbrev  0x000047ec       0xb6 /home/lsys/Scripts/ZILO-SYS/ZILO-SYS/build/kernel/c/zilolang/zlibs/zalloc.obj
 .debug_abbrev  0x000048a2       0x77 /home/lsys/Scripts/ZILO-SYS/ZILO-SYS/build/kernel/c/zilolang/zlibs/zctype.obj
 .debug_abbrev  0x00004919      0x107 /home/lsys/Scripts/ZILO-SYS/ZILO-SYS/build/kernel/c/zilolang/zlibs/zio.obj
 .debug_abbrev  0x00004a20       0xca /home/lsys/Scripts/ZILO-SYS/ZILO-SYS/build/kernel/c/zilolang/zlibs/zmem.obj
 .debug_abbrev  0x00004aea       0xcf /home/lsys/Scripts/ZILO-SYS/ZILO-SYS/build/kernel/c/zilolang/zlibs/zstr.obj
 .debug_abbrev  0x00004bb9       0x26 /home/lsys/Scripts/ZILO-SYS/ZILO-SYS/build/kernel/c/zilolang/zlibs/ztypes.obj
 .debug_abbrev  0x00004bdf      0x15a /opt/i686-elf-tools/bin/../lib/gcc/i686-elf/15.2.0/libgcc.a(_udivdi3.o)
 .debug_abbrev  0x00004d39      0x170 /opt/i686-elf-tools/bin/../lib/gcc/i686-elf/15.2.0/libgcc.a(_umoddi3.o)

.debug_aranges  0x00000000      0x8b8
 .debug_aranges
                0x00000000       0x20 /home/lsys/Scripts/ZILO-SYS/ZILO-SYS/build/kernel/c/cmos.obj
 .debug_aranges
                0x00000020       0x18 /home/lsys/Scripts/ZILO-SYS/ZILO-SYS/build/kernel/c/font.obj
 .debug_aranges
                0x00000038       0x20 /home/lsys/Scripts/ZILO-SYS/ZILO-SYS/build/kernel/c/heap.obj
 .debug_aranges
                0x00000058       0x28 /home/lsys/Scripts/ZILO-SYS/ZILO-SYS/build/kernel/c/main.obj
 .debug_aranges
                0x00000080       0x20 /home/lsys/Scripts/ZILO-SYS/ZILO-SYS/build/kernel/c/math.obj
 .debug_aranges
                0x000000a0       0x20 /home/lsys/Scripts/ZILO-SYS/ZILO-SYS/build/kernel/c/memdetect.obj
 .debug_aranges
                0x000000c0       0x20 /home/lsys/Scripts/ZILO-SYS/ZILO-SYS/build/kernel/c/memory.obj
 .debug_aranges
                0x000000e0       0x20 /home/lsys/Scripts/ZILO-SYS/ZILO-SYS/build/kernel/c/panic.obj
 .debug_aranges
                0x00000100       0x20 /home/lsys/Scripts/ZILO-SYS/ZILO-SYS/build/kernel/c/pit.obj
 .debug_aranges
                0x00000120       0x20 /home/lsys/Scripts/ZILO-SYS/ZILO-SYS/build/kernel/c/power.obj
 .debug_aranges
                0x00000140       0x20 /home/lsys/Scripts/ZILO-SYS/ZILO-SYS/build/kernel/c/shell.obj
[...]
                0x00002211       0xdc /home/lsys/Scripts/ZILO-SYS/ZILO-SYS/build/kernel/c/arch/i686/isrs_gen.obj
 .debug_line_str
                0x000022ed      0x120 /home/lsys/Scripts/ZILO-SYS/ZILO-SYS/build/kernel/c/arch/i686/keyboard.obj
 .debug_line_str
                0x0000240d      0x150 /home/lsys/Scripts/ZILO-SYS/ZILO-SYS/build/kernel/c/arch/i686/pci.obj
 .debug_line_str
                0x0000255d       0xcc /home/lsys/Scripts/ZILO-SYS/ZILO-SYS/build/kernel/c/arch/i686/pic.obj
 .debug_line_str
                0x00002629       0xf2 /home/lsys/Scripts/ZILO-SYS/ZILO-SYS/build/kernel/c/drivers/audio/dma.obj
 .debug_line_str
                0x0000271b      0x116 /home/lsys/Scripts/ZILO-SYS/ZILO-SYS/build/kernel/c/drivers/audio/sb16.obj
 .debug_line_str
                0x00002831       0xdc /home/lsys/Scripts/ZILO-SYS/ZILO-SYS/build/kernel/c/drivers/audio/sound.obj
 .debug_line_str
                0x0000290d      0x101 /home/lsys/Scripts/ZILO-SYS/ZILO-SYS/build/kernel/c/drivers/audio/speakers.obj
 .debug_line_str
                0x00002a0e      0x111 /home/lsys/Scripts/ZILO-SYS/ZILO-SYS/build/kernel/c/drivers/block/ahci.obj
 .debug_line_str
                0x00002b1f      0x10d /home/lsys/Scripts/ZILO-SYS/ZILO-SYS/build/kernel/c/drivers/block/ata.obj
 .debug_line_str
                0x00002c2c      0x113 /home/lsys/Scripts/ZILO-SYS/ZILO-SYS/build/kernel/c/drivers/block/atapi.obj
 .debug_line_str
                0x00002d3f      0x116 /home/lsys/Scripts/ZILO-SYS/ZILO-SYS/build/kernel/c/drivers/block/floppy.obj
 .debug_line_str
                0x00002e55      0x132 /home/lsys/Scripts/ZILO-SYS/ZILO-SYS/build/kernel/c/drivers/mouse/mouse.obj
 .debug_line_str
                0x00002f87      0x10e /home/lsys/Scripts/ZILO-SYS/ZILO-SYS/build/kernel/c/drivers/network/arp.obj
 .debug_line_str
                0x00003095       0xe5 /home/lsys/Scripts/ZILO-SYS/ZILO-SYS/build/kernel/c/drivers/network/arp_cache.obj
 .debug_line_str
                0x0000317a      0x127 /home/lsys/Scripts/ZILO-SYS/ZILO-SYS/build/kernel/c/drivers/network/rtl8139.obj
 .debug_line_str
                0x000032a1      0x11a /home/lsys/Scripts/ZILO-SYS/ZILO-SYS/build/kernel/c/drivers/serial/serial.obj
 .debug_line_str
                0x000033bb      0x109 /home/lsys/Scripts/ZILO-SYS/ZILO-SYS/build/kernel/c/drivers/usb/ehci.obj
 .debug_line_str
                0x000034c4      0x109 /home/lsys/Scripts/ZILO-SYS/ZILO-SYS/build/kernel/c/drivers/usb/ohci.obj
 .debug_line_str
                0x000035cd      0x10e /home/lsys/Scripts/ZILO-SYS/ZILO-SYS/build/kernel/c/drivers/usb/uhci.obj
 .debug_line_str
                0x000036db       0xa3 /home/lsys/Scripts/ZILO-SYS/ZILO-SYS/build/kernel/c/drivers/usb/usb.obj
 .debug_line_str
                0x0000377e      0x109 /home/lsys/Scripts/ZILO-SYS/ZILO-SYS/build/kernel/c/drivers/usb/xhci.obj
 .debug_line_str
                0x00003887       0xd1 /home/lsys/Scripts/ZILO-SYS/ZILO-SYS/build/kernel/c/drivers/video/fb.obj
 .debug_line_str
                0x00003958       0xec /home/lsys/Scripts/ZILO-SYS/ZILO-SYS/build/kernel/c/drivers/video/fb_terminal.obj
 .debug_line_str
                0x00003a44       0xa2 /home/lsys/Scripts/ZILO-SYS/ZILO-SYS/build/kernel/c/zilolang/zlibs/zalloc.obj
 .debug_line_str
                0x00003ae6       0x99 /home/lsys/Scripts/ZILO-SYS/ZILO-SYS/build/kernel/c/zilolang/zlibs/zctype.obj
 .debug_line_str
                0x00003b7f       0xcd /home/lsys/Scripts/ZILO-SYS/ZILO-SYS/build/kernel/c/zilolang/zlibs/zio.obj
 .debug_line_str
                0x00003c4c       0x9c /home/lsys/Scripts/ZILO-SYS/ZILO-SYS/build/kernel/c/zilolang/zlibs/zmem.obj
 .debug_line_str
                0x00003ce8       0x9c /home/lsys/Scripts/ZILO-SYS/ZILO-SYS/build/kernel/c/zilolang/zlibs/zstr.obj
 .debug_line_str
                0x00003d84       0x90 /home/lsys/Scripts/ZILO-SYS/ZILO-SYS/build/kernel/c/zilolang/zlibs/ztypes.obj
 .debug_line_str
                0x00003e14       0xd6 /opt/i686-elf-tools/bin/../lib/gcc/i686-elf/15.2.0/libgcc.a(_udivdi3.o)
 .debug_line_str
                0x00003eea       0xd6 /opt/i686-elf-tools/bin/../lib/gcc/i686-elf/15.2.0/libgcc.a(_umoddi3.o)

.comment        0x00000000      0x532
 .comment       0x00000000       0x13 /home/lsys/Scripts/ZILO-SYS/ZILO-SYS/build/kernel/c/cmos.obj
 .comment       0x00000013       0x13 /home/lsys/Scripts/ZILO-SYS/ZILO-SYS/build/kernel/c/font.obj
 .comment       0x00000026       0x13 /home/lsys/Scripts/ZILO-SYS/ZILO-SYS/build/kernel/c/heap.obj
 .comment       0x00000039       0x13 /home/lsys/Scripts/ZILO-SYS/ZILO-SYS/build/kernel/c/main.obj
 .comment       0x0000004c       0x13 /home/lsys/Scripts/ZILO-SYS/ZILO-SYS/build/kernel/c/math.obj
 .comment       0x0000005f       0x13 /home/lsys/Scripts/ZILO-SYS/ZILO-SYS/build/kernel/c/memdetect.obj
 .comment       0x00000072       0x13 /home/lsys/Scripts/ZILO-SYS/ZILO-SYS/build/kernel/c/memory.obj
 .comment       0x00000085       0x13 /home/lsys/Scripts/ZILO-SYS/ZILO-SYS/build/kernel/c/panic.obj
 .comment       0x00000098       0x13 /home/lsys/Scripts/ZILO-SYS/ZILO-SYS/build/kernel/c/pit.obj
 .comment       0x000000ab       0x13 /home/lsys/Scripts/ZILO-SYS/ZILO-SYS/build/kernel/c/power.obj
 .comment       0x000000be       0x13 /home/lsys/Scripts/ZILO-SYS/ZILO-SYS/build/kernel/c/shell.obj
 .comment       0x000000d1       0x13 /home/lsys/Scripts/ZILO-SYS/ZILO-SYS/build/kernel/c/stdio.obj
 .comment       0x000000e4       0x13 /home/lsys/Scripts/ZILO-SYS/ZILO-SYS/build/kernel/c/string.obj
 .comment       0x000000f7       0x13 /home/lsys/Scripts/ZILO-SYS/ZILO-SYS/build/kernel/c/syscall.obj
 .comment       0x0000010a       0x13 /home/lsys/Scripts/ZILO-SYS/ZILO-SYS/build/kernel/c/terminal_backend_vga.obj
 .comment       0x0000011d       0x13 /home/lsys/Scripts/ZILO-SYS/ZILO-SYS/build/kernel/c/terminal.obj
 .comment       0x00000130       0x13 /home/lsys/Scripts/ZILO-SYS/ZILO-SYS/build/kernel/c/time.obj
 .comment       0x00000143       0x13 /home/lsys/Scripts/ZILO-SYS/ZILO-SYS/build/kernel/c/vga.obj
 .comment       0x00000156       0x13 /home/lsys/Scripts/ZILO-SYS/ZILO-SYS/build/kernel/c/bin/datetime.obj
 .comment       0x00000169       0x13 /home/lsys/Scripts/ZILO-SYS/ZILO-SYS/build/kernel/c/bin/zedit.obj
 .comment       0x0000017c       0x13 /home/lsys/Scripts/ZILO-SYS/ZILO-SYS/build/kernel/c/fs/zdsfs.obj
 .comment       0x0000018f       0x13 /home/lsys/Scripts/ZILO-SYS/ZILO-SYS/build/kernel/c/hal/hal.obj
 .comment       0x000001a2       0x13 /home/lsys/Scripts/ZILO-SYS/ZILO-SYS/build/kernel/c/memory/paging.obj
 .comment       0x000001b5       0x13 /home/lsys/Scripts/ZILO-SYS/ZILO-SYS/build/kernel/c/process/process.obj
 .comment       0x000001c8       0x13 /home/lsys/Scripts/ZILO-SYS/ZILO-SYS/build/kernel/c/scheduler/scheduler.obj
 .comment       0x000001db       0x13 /home/lsys/Scripts/ZILO-SYS/ZILO-SYS/build/kernel/c/thingamabob/thingamabob.obj
 .comment       0x000001ee       0x13 /home/lsys/Scripts/ZILO-SYS/ZILO-SYS/build/kernel/c/vfs/ramfs.obj
 .comment       0x00000201       0x13 /home/lsys/Scripts/ZILO-SYS/ZILO-SYS/build/kernel/c/vfs/vfs.obj
 .comment       0x00000214       0x13 /home/lsys/Scripts/ZILO-SYS/ZILO-SYS/build/kernel/c/zilolang/ast.obj
 .comment       0x00000227       0x13 /home/lsys/Scripts/ZILO-SYS/ZILO-SYS/build/kernel/c/zilolang/codegen.obj
 .comment       0x0000023a       0x13 /home/lsys/Scripts/ZILO-SYS/ZILO-SYS/build/kernel/c/zilolang/lexer.obj
 .comment       0x0000024d       0x13 /home/lsys/Scripts/ZILO-SYS/ZILO-SYS/build/kernel/c/zilolang/main.obj
 .comment       0x00000260       0x13 /home/lsys/Scripts/ZILO-SYS/ZILO-SYS/build/kernel/c/zilolang/parser.obj
 .comment       0x00000273       0x13 /home/lsys/Scripts/ZILO-SYS/ZILO-SYS/build/kernel/c/arch/i686/gdt.obj
 .comment       0x00000286       0x13 /home/lsys/Scripts/ZILO-SYS/ZILO-SYS/build/kernel/c/arch/i686/idt.obj
 .comment       0x00000299       0x13 /home/lsys/Scripts/ZILO-SYS/ZILO-SYS/build/kernel/c/arch/i686/io.obj
 .comment       0x000002ac       0x13 /home/lsys/Scripts/ZILO-SYS/ZILO-SYS/build/kernel/c/arch/i686/irq.obj
 .comment       0x000002bf       0x13 /home/lsys/Scripts/ZILO-SYS/ZILO-SYS/build/kernel/c/arch/i686/isr.obj
 .comment       0x000002d2       0x13 /home/lsys/Scripts/ZILO-SYS/ZILO-SYS/build/kernel/c/arch/i686/isrs_gen.obj
 .comment       0x000002e5       0x13 /home/lsys/Scripts/ZILO-SYS/ZILO-SYS/build/kernel/c/arch/i686/keyboard.obj
 .comment       0x000002f8       0x13 /home/lsys/Scripts/ZILO-SYS/ZILO-SYS/build/kernel/c/arch/i686/pci.obj
 .comment       0x0000030b       0x13 /home/lsys/Scripts/ZILO-SYS/ZILO-SYS/build/kernel/c/arch/i686/pic.obj
 .comment       0x0000031e       0x13 /home/lsys/Scripts/ZILO-SYS/ZILO-SYS/build/kernel/c/drivers/audio/dma.obj
 .comment       0x00000331       0x13 /home/lsys/Scripts/ZILO-SYS/ZILO-SYS/build/kernel/c/drivers/audio/sb16.obj
 .comment       0x00000344       0x13 /home/lsys/Scripts/ZILO-SYS/ZILO-SYS/build/kernel/c/drivers/audio/sound.obj
 .comment       0x00000357       0x13 /home/lsys/Scripts/ZILO-SYS/ZILO-SYS/build/kernel/c/drivers/audio/speakers.obj
 .comment       0x0000036a       0x13 /home/lsys/Scripts/ZILO-SYS/ZILO-SYS/build/kernel/c/drivers/block/ahci.obj
 .comment       0x0000037d       0x13 /home/lsys/Scripts/ZILO-SYS/ZILO-SYS/build/kernel/c/drivers/block/ata.obj
 .comment       0x00000390       0x13 /home/lsys/Scripts/ZILO-SYS/ZILO-SYS/build/kernel/c/drivers/block/atapi.obj
 .comment       0x000003a3       0x13 /home/lsys/Scripts/ZILO-SYS/ZILO-SYS/build/kernel/c/drivers/block/floppy.obj
 .comment       0x000003b6       0x13 /home/lsys/Scripts/ZILO-SYS/ZILO-SYS/build/kernel/c/drivers/mouse/mouse.obj
 .comment       0x000003c9       0x13 /home/lsys/Scripts/ZILO-SYS/ZILO-SYS/build/kernel/c/drivers/network/arp.obj
 .comment       0x000003dc       0x13 /home/lsys/Scripts/ZILO-SYS/ZILO-SYS/build/kernel/c/drivers/network/arp_cache.obj
 .comment       0x000003ef       0x13 /home/lsys/Scripts/ZILO-SYS/ZILO-SYS/build/kernel/c/drivers/network/rtl8139.obj
 .comment       0x00000402       0x13 /home/lsys/Scripts/ZILO-SYS/ZILO-SYS/build/kernel/c/drivers/serial/serial.obj
 .comment       0x00000415       0x13 /home/lsys/Scripts/ZILO-SYS/ZILO-SYS/build/kernel/c/drivers/usb/ehci.obj
 .comment       0x00000428       0x13 /home/lsys/Scripts/ZILO-SYS/ZILO-SYS/build/kernel/c/drivers/usb/ohci.obj
 .comment       0x0000043b       0x13 /home/lsys/Scripts/ZILO-SYS/ZILO-SYS/build/kernel/c/drivers/usb/uhci.obj
 .comment       0x0000044e       0x13 /home/lsys/Scripts/ZILO-SYS/ZILO-SYS/build/kernel/c/drivers/usb/usb.obj
 .comment       0x00000461       0x13 /home/lsys/Scripts/ZILO-SYS/ZILO-SYS/build/kernel/c/drivers/usb/xhci.obj
 .comment       0x00000474       0x13 /home/lsys/Scripts/ZILO-SYS/ZILO-SYS/build/kernel/c/drivers/video/fb.obj
 .comment       0x00000487       0x13 /home/lsys/Scripts/ZILO-SYS/ZILO-SYS/build/kernel/c/drivers/video/fb_terminal.obj
 .comment       0x0000049a       0x13 /home/lsys/Scripts/ZILO-SYS/ZILO-SYS/build/kernel/c/zilolang/zlibs/zalloc.obj
 .comment       0x000004ad       0x13 /home/lsys/Scripts/ZILO-SYS/ZILO-SYS/build/kernel/c/zilolang/zlibs/zctype.obj
 .comment       0x000004c0       0x13 /home/lsys/Scripts/ZILO-SYS/ZILO-SYS/build/kernel/c/zilolang/zlibs/zio.obj
 .comment       0x000004d3       0x13 /home/lsys/Scripts/ZILO-SYS/ZILO-SYS/build/kernel/c/zilolang/zlibs/zmem.obj
 .comment       0x000004e6       0x13 /home/lsys/Scripts/ZILO-SYS/ZILO-SYS/build/kernel/c/zilolang/zlibs/zstr.obj
 .comment       0x000004f9       0x13 /home/lsys/Scripts/ZILO-SYS/ZILO-SYS/build/kernel/c/zilolang/zlibs/ztypes.obj
 .comment       0x0000050c       0x13 /opt/i686-elf-tools/bin/../lib/gcc/i686-elf/15.2.0/libgcc.a(_udivdi3.o)
 .comment       0x0000051f       0x13 /opt/i686-elf-tools/bin/../lib/gcc/i686-elf/15.2.0/libgcc.a(_umoddi3.o)

.debug_frame    0x00000000     0x24e0
 .debug_frame   0x00000000       0x94 /home/lsys/Scripts/ZILO-SYS/ZILO-SYS/build/kernel/c/cmos.obj
 .debug_frame   0x00000094       0x34 /home/lsys/Scripts/ZILO-SYS/ZILO-SYS/build/kernel/c/heap.obj
 .debug_frame   0x000000c8       0x64 /home/lsys/Scripts/ZILO-SYS/ZILO-SYS/build/kernel/c/main.obj
 .debug_frame   0x0000012c       0xf4 /home/lsys/Scripts/ZILO-SYS/ZILO-SYS/build/kernel/c/math.obj
 .debug_frame   0x00000220       0x54 /home/lsys/Scripts/ZILO-SYS/ZILO-SYS/build/kernel/c/memdetect.obj
 .debug_frame   0x00000274       0x74 /home/lsys/Scripts/ZILO-SYS/ZILO-SYS/build/kernel/c/memory.obj
 .debug_frame   0x000002e8       0xf4 /home/lsys/Scripts/ZILO-SYS/ZILO-SYS/build/kernel/c/panic.obj
 .debug_frame   0x000003dc       0x74 /home/lsys/Scripts/ZILO-SYS/ZILO-SYS/build/kernel/c/pit.obj
 .debug_frame   0x00000450       0x44 /home/lsys/Scripts/ZILO-SYS/ZILO-SYS/build/kernel/c/power.obj
 .debug_frame   0x00000494      0x114 /home/lsys/Scripts/ZILO-SYS/ZILO-SYS/build/kernel/c/shell.obj
 .debug_frame   0x000005a8      0x1b8 /home/lsys/Scripts/ZILO-SYS/ZILO-SYS/build/kernel/c/stdio.obj
 .debug_frame   0x00000760       0xb4 /home/lsys/Scripts/ZILO-SYS/ZILO-SYS/build/kernel/c/string.obj
 .debug_frame   0x00000814       0x54 /home/lsys/Scripts/ZILO-SYS/ZILO-SYS/build/kernel/c/syscall.obj
 .debug_frame   0x00000868       0x5c /home/lsys/Scripts/ZILO-SYS/ZILO-SYS/build/kernel/c/terminal_backend_vga.obj
 .debug_frame   0x000008c4      0x218 /home/lsys/Scripts/ZILO-SYS/ZILO-SYS/build/kernel/c/terminal.obj
 .debug_frame   0x00000adc       0x54 /home/lsys/Scripts/ZILO-SYS/ZILO-SYS/build/kernel/c/time.obj
 .debug_frame   0x00000b30       0x34 /home/lsys/Scripts/ZILO-SYS/ZILO-SYS/build/kernel/c/vga.obj
 .debug_frame   0x00000b64       0x74 /home/lsys/Scripts/ZILO-SYS/ZILO-SYS/build/kernel/c/bin/datetime.obj
 .debug_frame   0x00000bd8       0x74 /home/lsys/Scripts/ZILO-SYS/ZILO-SYS/build/kernel/c/bin/zedit.obj
 .debug_frame   0x00000c4c      0x1b4 /home/lsys/Scripts/ZILO-SYS/ZILO-SYS/build/kernel/c/fs/zdsfs.obj
 .debug_frame   0x00000e00       0x34 /home/lsys/Scripts/ZILO-SYS/ZILO-SYS/build/kernel/c/hal/hal.obj
 .debug_frame   0x00000e34       0x94 /home/lsys/Scripts/ZILO-SYS/ZILO-SYS/build/kernel/c/memory/paging.obj
 .debug_frame   0x00000ec8       0x34 /home/lsys/Scripts/ZILO-SYS/ZILO-SYS/build/kernel/c/process/process.obj
 .debug_frame   0x00000efc       0x74 /home/lsys/Scripts/ZILO-SYS/ZILO-SYS/build/kernel/c/scheduler/scheduler.obj
 .debug_frame   0x00000f70       0x94 /home/lsys/Scripts/ZILO-SYS/ZILO-SYS/build/kernel/c/thingamabob/thingamabob.obj
 .debug_frame   0x00001004       0xb4 /home/lsys/Scripts/ZILO-SYS/ZILO-SYS/build/kernel/c/vfs/ramfs.obj
 .debug_frame   0x000010b8       0xd4 /home/lsys/Scripts/ZILO-SYS/ZILO-SYS/build/kernel/c/vfs/vfs.obj
 .debug_frame   0x0000118c       0x34 /home/lsys/Scripts/ZILO-SYS/ZILO-SYS/build/kernel/c/zilolang/ast.obj
 .debug_frame   0x000011c0       0x34 /home/lsys/Scripts/ZILO-SYS/ZILO-SYS/build/kernel/c/zilolang/codegen.obj
 .debug_frame   0x000011f4       0xc0 /home/lsys/Scripts/ZILO-SYS/ZILO-SYS/build/kernel/c/zilolang/lexer.obj
 .debug_frame   0x000012b4       0x40 /home/lsys/Scripts/ZILO-SYS/ZILO-SYS/build/kernel/c/zilolang/main.obj
 .debug_frame   0x000012f4       0xa0 /home/lsys/Scripts/ZILO-SYS/ZILO-SYS/build/kernel/c/zilolang/parser.obj
 .debug_frame   0x00001394       0x34 /home/lsys/Scripts/ZILO-SYS/ZILO-SYS/build/kernel/c/arch/i686/gdt.obj
 .debug_frame   0x000013c8       0x94 /home/lsys/Scripts/ZILO-SYS/ZILO-SYS/build/kernel/c/arch/i686/idt.obj
 .debug_frame   0x0000145c       0x34 /home/lsys/Scripts/ZILO-SYS/ZILO-SYS/build/kernel/c/arch/i686/io.obj
 .debug_frame   0x00001490       0x74 /home/lsys/Scripts/ZILO-SYS/ZILO-SYS/build/kernel/c/arch/i686/irq.obj
 .debug_frame   0x00001504       0x80 /home/lsys/Scripts/ZILO-SYS/ZILO-SYS/build/kernel/c/arch/i686/isr.obj
 .debug_frame   0x00001584       0x34 /home/lsys/Scripts/ZILO-SYS/ZILO-SYS/build/kernel/c/arch/i686/isrs_gen.obj
 .debug_frame   0x000015b8       0xd4 /home/lsys/Scripts/ZILO-SYS/ZILO-SYS/build/kernel/c/arch/i686/keyboard.obj
 .debug_frame   0x0000168c       0xfc /home/lsys/Scripts/ZILO-SYS/ZILO-SYS/build/kernel/c/arch/i686/pci.obj
 .debug_frame   0x00001788       0xfc /home/lsys/Scripts/ZILO-SYS/ZILO-SYS/build/kernel/c/arch/i686/pic.obj
 .debug_frame   0x00001884       0x54 /home/lsys/Scripts/ZILO-SYS/ZILO-SYS/build/kernel/c/drivers/audio/dma.obj
 .debug_frame   0x000018d8      0x174 /home/lsys/Scripts/ZILO-SYS/ZILO-SYS/build/kernel/c/drivers/audio/sb16.obj
 .debug_frame   0x00001a4c       0x34 /home/lsys/Scripts/ZILO-SYS/ZILO-SYS/build/kernel/c/drivers/audio/sound.obj
 .debug_frame   0x00001a80       0x94 /home/lsys/Scripts/ZILO-SYS/ZILO-SYS/build/kernel/c/drivers/audio/speakers.obj
 .debug_frame   0x00001b14       0x34 /home/lsys/Scripts/ZILO-SYS/ZILO-SYS/build/kernel/c/drivers/block/ahci.obj
 .debug_frame   0x00001b48       0xd8 /home/lsys/Scripts/ZILO-SYS/ZILO-SYS/build/kernel/c/drivers/block/ata.obj
 .debug_frame   0x00001c20       0x34 /home/lsys/Scripts/ZILO-SYS/ZILO-SYS/build/kernel/c/drivers/block/atapi.obj
 .debug_frame   0x00001c54       0x54 /home/lsys/Scripts/ZILO-SYS/ZILO-SYS/build/kernel/c/drivers/block/floppy.obj
 .debug_frame   0x00001ca8      0x114 /home/lsys/Scripts/ZILO-SYS/ZILO-SYS/build/kernel/c/drivers/mouse/mouse.obj
 .debug_frame   0x00001dbc       0x74 /home/lsys/Scripts/ZILO-SYS/ZILO-SYS/build/kernel/c/drivers/network/arp.obj
 .debug_frame   0x00001e30       0x74 /home/lsys/Scripts/ZILO-SYS/ZILO-SYS/build/kernel/c/drivers/network/arp_cache.obj
 .debug_frame   0x00001ea4       0x94 /home/lsys/Scripts/ZILO-SYS/ZILO-SYS/build/kernel/c/drivers/network/rtl8139.obj
 .debug_frame   0x00001f38       0x94 /home/lsys/Scripts/ZILO-SYS/ZILO-SYS/build/kernel/c/drivers/serial/serial.obj
 .debug_frame   0x00001fcc       0x74 /home/lsys/Scripts/ZILO-SYS/ZILO-SYS/build/kernel/c/drivers/usb/ehci.obj
 .debug_frame   0x00002040       0x74 /home/lsys/Scripts/ZILO-SYS/ZILO-SYS/build/kernel/c/drivers/usb/ohci.obj
 .debug_frame   0x000020b4       0xb4 /home/lsys/Scripts/ZILO-SYS/ZILO-SYS/build/kernel/c/drivers/usb/uhci.obj
 .debug_frame   0x00002168       0x34 /home/lsys/Scripts/ZILO-SYS/ZILO-SYS/build/kernel/c/drivers/usb/usb.obj
 .debug_frame   0x0000219c       0x78 /home/lsys/Scripts/ZILO-SYS/ZILO-SYS/build/kernel/c/drivers/usb/xhci.obj
 .debug_frame   0x00002214       0x94 /home/lsys/Scripts/ZILO-SYS/ZILO-SYS/build/kernel/c/drivers/video/fb.obj
 .debug_frame   0x000022a8       0x34 /home/lsys/Scripts/ZILO-SYS/ZILO-SYS/build/kernel/c/drivers/video/fb_terminal.obj
 .debug_frame   0x000022dc       0x54 /home/lsys/Scripts/ZILO-SYS/ZILO-SYS/build/kernel/c/zilolang/zlibs/zalloc.obj
 .debug_frame   0x00002330       0x74 /home/lsys/Scripts/ZILO-SYS/ZILO-SYS/build/kernel/c/zilolang/zlibs/zctype.obj
 .debug_frame   0x000023a4       0x74 /home/lsys/Scripts/ZILO-SYS/ZILO-SYS/build/kernel/c/zilolang/zlibs/zio.obj
 .debug_frame   0x00002418       0x54 /home/lsys/Scripts/ZILO-SYS/ZILO-SYS/build/kernel/c/zilolang/zlibs/zmem.obj
 .debug_frame   0x0000246c       0x74 /home/lsys/Scripts/ZILO-SYS/ZILO-SYS/build/kernel/c/zilolang/zlibs/zstr.obj

.debug_rnglists
                0x00000000       0x91
 .debug_rnglists
                0x00000000       0x1a /home/lsys/Scripts/ZILO-SYS/ZILO-SYS/build/kernel/c/main.obj
 .debug_rnglists
                0x0000001a       0x17 /home/lsys/Scripts/ZILO-SYS/ZILO-SYS/build/kernel/c/terminal.obj
 .debug_rnglists
                0x00000031       0x17 /home/lsys/Scripts/ZILO-SYS/ZILO-SYS/build/kernel/c/drivers/mouse/mouse.obj
 .debug_rnglists
                0x00000048       0x2a /opt/i686-elf-tools/bin/../lib/gcc/i686-elf/15.2.0/libgcc.a(_udivdi3.o)
 .debug_rnglists
                0x00000072       0x1f /opt/i686-elf-tools/bin/../lib/gcc/i686-elf/15.2.0/libgcc.a(_umoddi3.o)

.debug_loclists
                0x00000000      0x940
 .debug_loclists
                0x00000000      0x4de /opt/i686-elf-tools/bin/../lib/gcc/i686-elf/15.2.0/libgcc.a(_udivdi3.o)
 .debug_loclists
                0x000004de      0x462 /opt/i686-elf-tools/bin/../lib/gcc/i686-elf/15.2.0/libgcc.a(_umoddi3.o)
