Archive member included to satisfy reference by file (symbol)

/usr/lib/gcc/i686-elf/15.2.0/libgcc.a(_udivdi3.o)
                              /home/lsys/Scripts/ZILO-SYS/ZILO-SYS/build/stage2/c/stdio.obj (__udivdi3)
/usr/lib/gcc/i686-elf/15.2.0/libgcc.a(_umoddi3.o)
                              /home/lsys/Scripts/ZILO-SYS/ZILO-SYS/build/stage2/c/stdio.obj (__umoddi3)

There are no discarded input sections

Memory Configuration

Name             Origin             Length             Attributes
*default*        0x00000000         0xffffffff

Linker script and memory map

LOAD /home/lsys/Scripts/ZILO-SYS/ZILO-SYS/build/stage2/asm/entry.obj
LOAD /home/lsys/Scripts/ZILO-SYS/ZILO-SYS/build/stage2/asm/x86.obj
LOAD /home/lsys/Scripts/ZILO-SYS/ZILO-SYS/build/stage2/c/ctype.obj
LOAD /home/lsys/Scripts/ZILO-SYS/ZILO-SYS/build/stage2/c/disk.obj
LOAD /home/lsys/Scripts/ZILO-SYS/ZILO-SYS/build/stage2/c/fat.obj
LOAD /home/lsys/Scripts/ZILO-SYS/ZILO-SYS/build/stage2/c/main.obj
LOAD /home/lsys/Scripts/ZILO-SYS/ZILO-SYS/build/stage2/c/memdetect.obj
LOAD /home/lsys/Scripts/ZILO-SYS/ZILO-SYS/build/stage2/c/memory.obj
LOAD /home/lsys/Scripts/ZILO-SYS/ZILO-SYS/build/stage2/c/stdio.obj
LOAD /home/lsys/Scripts/ZILO-SYS/ZILO-SYS/build/stage2/c/string.obj
LOAD /usr/lib/gcc/i686-elf/15.2.0/libgcc.a
                0x00000500                        phys = 0x500
                0x00000500                        . = phys

.entry          0x00000500       0xc0
                0x00000500                        __entry_start = .
 *(.entry)
 .entry         0x00000500       0xc0 /home/lsys/Scripts/ZILO-SYS/ZILO-SYS/build/stage2/asm/entry.obj
                0x00000500                entry

.text           0x000005c0     0x1db6
                0x000005c0                        __text_start = .
 *(.text)
 .text          0x000005c0      0x24e /home/lsys/Scripts/ZILO-SYS/ZILO-SYS/build/stage2/asm/x86.obj
                0x000005c0                x86_outb
                0x000005cb                x86_inb
                0x000005d4                x86_Disk_GetDriveParams
                0x00000697                x86_Disk_Reset
                0x000006e7                x86_Disk_Read
                0x00000765                x86_E820GetNextBlock
 .text          0x0000080e       0x55 /home/lsys/Scripts/ZILO-SYS/ZILO-SYS/build/stage2/c/ctype.obj
                0x0000080e                islower
                0x00000837                toupper
 .text          0x00000863      0x199 /home/lsys/Scripts/ZILO-SYS/ZILO-SYS/build/stage2/c/disk.obj
                0x00000863                DISK_Initialize
                0x000008d3                DISK_LBA2CHS
                0x00000960                DISK_ReadSectors
 .text          0x000009fc      0xa36 /home/lsys/Scripts/ZILO-SYS/ZILO-SYS/build/stage2/c/fat.obj
                0x000009fc                FAT_ReadBootSector
                0x00000a19                FAT_ReadFat
                0x00000a4d                FAT_Initialize
                0x00000c81                FAT_ClusterToLba
                0x00000ca2                FAT_OpenEntry
                0x00000e6d                FAT_NextCluster
                0x00000eba                FAT_Read
                0x00001111                FAT_ReadEntry
                0x00001132                FAT_Close
                0x00001180                FAT_FindFile
                0x000012e5                FAT_Open
 .text          0x00001432       0xf2 /home/lsys/Scripts/ZILO-SYS/ZILO-SYS/build/stage2/c/main.obj
                0x00001432                start
 .text          0x00001524      0x12f /home/lsys/Scripts/ZILO-SYS/ZILO-SYS/build/stage2/c/memdetect.obj
                0x00001524                Memory_Detect
 .text          0x00001653       0xf5 /home/lsys/Scripts/ZILO-SYS/ZILO-SYS/build/stage2/c/memory.obj
                0x00001653                memcpy
                0x000016a5                memset
                0x000016e8                memcmp
 .text          0x00001748      0x915 /home/lsys/Scripts/ZILO-SYS/ZILO-SYS/build/stage2/c/stdio.obj
                0x00001748                putchr
                0x00001777                putcolor
                0x000017a9                getchr
                0x000017cb                getcolor
                0x000017f0                setcursor
                0x00001861                clrscr
                0x000018ef                scrollback
                0x000019dd                putc
                0x00001aed                puts
                0x00001b1c                printf_unsigned
                0x00001bc0                printf_signed
                0x00001c1d                printf
                0x00001fc4                print_buffer
 .text          0x0000205d       0xb6 /home/lsys/Scripts/ZILO-SYS/ZILO-SYS/build/stage2/c/string.obj
                0x0000205d                strchr
                0x0000209b                strcpy
                0x000020ed                strlen
 *fill*         0x00002113        0xd 
 .text          0x00002120      0x11a /usr/lib/gcc/i686-elf/15.2.0/libgcc.a(_udivdi3.o)
                0x00002120                __udivdi3
 *fill*         0x0000223a        0x6 
 .text          0x00002240      0x136 /usr/lib/gcc/i686-elf/15.2.0/libgcc.a(_umoddi3.o)
                0x00002240                __umoddi3

.data           0x00002378        0xc
                0x00002378                        __data_start = .
 *(.data)
 .data          0x00002378        0x0 /home/lsys/Scripts/ZILO-SYS/ZILO-SYS/build/stage2/c/ctype.obj
 .data          0x00002378        0x0 /home/lsys/Scripts/ZILO-SYS/ZILO-SYS/build/stage2/c/disk.obj
 .data          0x00002378        0x0 /home/lsys/Scripts/ZILO-SYS/ZILO-SYS/build/stage2/c/fat.obj
 .data          0x00002378        0x8 /home/lsys/Scripts/ZILO-SYS/ZILO-SYS/build/stage2/c/main.obj
                0x00002378                KernelLoadBuffer
                0x0000237c                Kernel
 .data          0x00002380        0x0 /home/lsys/Scripts/ZILO-SYS/ZILO-SYS/build/stage2/c/memdetect.obj
 .data          0x00002380        0x0 /home/lsys/Scripts/ZILO-SYS/ZILO-SYS/build/stage2/c/memory.obj
 .data          0x00002380        0x4 /home/lsys/Scripts/ZILO-SYS/ZILO-SYS/build/stage2/c/stdio.obj
                0x00002380                g_ScreenBuffer
 .data          0x00002384        0x0 /home/lsys/Scripts/ZILO-SYS/ZILO-SYS/build/stage2/c/string.obj
 .data          0x00002384        0x0 /usr/lib/gcc/i686-elf/15.2.0/libgcc.a(_udivdi3.o)
 .data          0x00002384        0x0 /usr/lib/gcc/i686-elf/15.2.0/libgcc.a(_umoddi3.o)

.rodata         0x00002384      0x197
                0x00002384                        __rodata_start = .
 *(.rodata)
 .rodata        0x00002384      0x11b /home/lsys/Scripts/ZILO-SYS/ZILO-SYS/build/stage2/c/fat.obj
 .rodata        0x0000249f       0x2f /home/lsys/Scripts/ZILO-SYS/ZILO-SYS/build/stage2/c/main.obj
 *fill*         0x000024ce        0x2 
 .rodata        0x000024d0       0x2b /home/lsys/Scripts/ZILO-SYS/ZILO-SYS/build/stage2/c/memdetect.obj
 *fill*         0x000024fb        0x1 
 .rodata        0x000024fc       0x1f /home/lsys/Scripts/ZILO-SYS/ZILO-SYS/build/stage2/c/stdio.obj
                0x000024fc                SCREEN_WIDTH
                0x00002500                SCREEN_HEIGHT
                0x00002504                DEFAULT_COLOR
                0x00002508                g_HexChars

.eh_frame       0x0000251c       0xd8
 .eh_frame      0x0000251c       0x64 /usr/lib/gcc/i686-elf/15.2.0/libgcc.a(_udivdi3.o)
 .eh_frame      0x00002580       0x74 /usr/lib/gcc/i686-elf/15.2.0/libgcc.a(_umoddi3.o)

.bss            0x00002600     0x182c
                0x00002600                        __bss_start = .
 *(.bss)
 .bss           0x00002600        0x0 /home/lsys/Scripts/ZILO-SYS/ZILO-SYS/build/stage2/c/ctype.obj
 .bss           0x00002600        0x0 /home/lsys/Scripts/ZILO-SYS/ZILO-SYS/build/stage2/c/disk.obj
 .bss           0x00002600        0xc /home/lsys/Scripts/ZILO-SYS/ZILO-SYS/build/stage2/c/fat.obj
 .bss           0x0000260c        0x0 /home/lsys/Scripts/ZILO-SYS/ZILO-SYS/build/stage2/c/main.obj
 *fill*         0x0000260c       0x14 
 .bss           0x00002620     0x1804 /home/lsys/Scripts/ZILO-SYS/ZILO-SYS/build/stage2/c/memdetect.obj
                0x00002620                g_MemRegions
                0x00003e20                g_MemRegionCount
 .bss           0x00003e24        0x0 /home/lsys/Scripts/ZILO-SYS/ZILO-SYS/build/stage2/c/memory.obj
 .bss           0x00003e24        0x8 /home/lsys/Scripts/ZILO-SYS/ZILO-SYS/build/stage2/c/stdio.obj
                0x00003e24                g_ScreenX
                0x00003e28                g_ScreenY
 .bss           0x00003e2c        0x0 /home/lsys/Scripts/ZILO-SYS/ZILO-SYS/build/stage2/c/string.obj
 .bss           0x00003e2c        0x0 /usr/lib/gcc/i686-elf/15.2.0/libgcc.a(_udivdi3.o)
 .bss           0x00003e2c        0x0 /usr/lib/gcc/i686-elf/15.2.0/libgcc.a(_umoddi3.o)
                0x00003e2c                        __end = .
OUTPUT(/home/lsys/Scripts/ZILO-SYS/ZILO-SYS/build/stage2.bin binary)

.debug_info     0x00000000     0x1a66
 .debug_info    0x00000000       0xcb /home/lsys/Scripts/ZILO-SYS/ZILO-SYS/build/stage2/c/ctype.obj
 .debug_info    0x000000cb      0x2b1 /home/lsys/Scripts/ZILO-SYS/ZILO-SYS/build/stage2/c/disk.obj
 .debug_info    0x0000037c      0x9a9 /home/lsys/Scripts/ZILO-SYS/ZILO-SYS/build/stage2/c/fat.obj
 .debug_info    0x00000d25      0x2bf /home/lsys/Scripts/ZILO-SYS/ZILO-SYS/build/stage2/c/main.obj
 .debug_info    0x00000fe4      0x21c /home/lsys/Scripts/ZILO-SYS/ZILO-SYS/build/stage2/c/memdetect.obj
 .debug_info    0x00001200      0x1e8 /home/lsys/Scripts/ZILO-SYS/ZILO-SYS/build/stage2/c/memory.obj
 .debug_info    0x000013e8      0x54c /home/lsys/Scripts/ZILO-SYS/ZILO-SYS/build/stage2/c/stdio.obj
 .debug_info    0x00001934      0x132 /home/lsys/Scripts/ZILO-SYS/ZILO-SYS/build/stage2/c/string.obj

.debug_abbrev   0x00000000      0x9e8
 .debug_abbrev  0x00000000       0x77 /home/lsys/Scripts/ZILO-SYS/ZILO-SYS/build/stage2/c/ctype.obj
 .debug_abbrev  0x00000077      0x140 /home/lsys/Scripts/ZILO-SYS/ZILO-SYS/build/stage2/c/disk.obj
 .debug_abbrev  0x000001b7      0x24d /home/lsys/Scripts/ZILO-SYS/ZILO-SYS/build/stage2/c/fat.obj
 .debug_abbrev  0x00000404      0x14c /home/lsys/Scripts/ZILO-SYS/ZILO-SYS/build/stage2/c/main.obj
 .debug_abbrev  0x00000550      0x118 /home/lsys/Scripts/ZILO-SYS/ZILO-SYS/build/stage2/c/memdetect.obj
 .debug_abbrev  0x00000668       0xe2 /home/lsys/Scripts/ZILO-SYS/ZILO-SYS/build/stage2/c/memory.obj
 .debug_abbrev  0x0000074a      0x1f6 /home/lsys/Scripts/ZILO-SYS/ZILO-SYS/build/stage2/c/stdio.obj
 .debug_abbrev  0x00000940       0xa8 /home/lsys/Scripts/ZILO-SYS/ZILO-SYS/build/stage2/c/string.obj

.debug_aranges  0x00000000      0x100
 .debug_aranges
                0x00000000       0x20 /home/lsys/Scripts/ZILO-SYS/ZILO-SYS/build/stage2/c/ctype.obj
 .debug_aranges
                0x00000020       0x20 /home/lsys/Scripts/ZILO-SYS/ZILO-SYS/build/stage2/c/disk.obj
 .debug_aranges
                0x00000040       0x20 /home/lsys/Scripts/ZILO-SYS/ZILO-SYS/build/stage2/c/fat.obj
 .debug_aranges
                0x00000060       0x20 /home/lsys/Scripts/ZILO-SYS/ZILO-SYS/build/stage2/c/main.obj
 .debug_aranges
                0x00000080       0x20 /home/lsys/Scripts/ZILO-SYS/ZILO-SYS/build/stage2/c/memdetect.obj
 .debug_aranges
                0x000000a0       0x20 /home/lsys/Scripts/ZILO-SYS/ZILO-SYS/build/stage2/c/memory.obj
 .debug_aranges
                0x000000c0       0x20 /home/lsys/Scripts/ZILO-SYS/ZILO-SYS/build/stage2/c/stdio.obj
 .debug_aranges
                0x000000e0       0x20 /home/lsys/Scripts/ZILO-SYS/ZILO-SYS/build/stage2/c/string.obj

.debug_line     0x00000000      0xcf4
 .debug_line    0x00000000       0x81 /home/lsys/Scripts/ZILO-SYS/ZILO-SYS/build/stage2/c/ctype.obj
 .debug_line    0x00000081       0xea /home/lsys/Scripts/ZILO-SYS/ZILO-SYS/build/stage2/c/disk.obj
 .debug_line    0x0000016b      0x4fe /home/lsys/Scripts/ZILO-SYS/ZILO-SYS/build/stage2/c/fat.obj
 .debug_line    0x00000669       0xbb /home/lsys/Scripts/ZILO-SYS/ZILO-SYS/build/stage2/c/main.obj
 .debug_line    0x00000724       0xc0 /home/lsys/Scripts/ZILO-SYS/ZILO-SYS/build/stage2/c/memdetect.obj
 .debug_line    0x000007e4       0xcc /home/lsys/Scripts/ZILO-SYS/ZILO-SYS/build/stage2/c/memory.obj
 .debug_line    0x000008b0      0x3ad /home/lsys/Scripts/ZILO-SYS/ZILO-SYS/build/stage2/c/stdio.obj
 .debug_line    0x00000c5d       0x97 /home/lsys/Scripts/ZILO-SYS/ZILO-SYS/build/stage2/c/string.obj

.debug_str      0x00000000     0x1088
 .debug_str     0x00000000       0xea /home/lsys/Scripts/ZILO-SYS/ZILO-SYS/build/stage2/c/ctype.obj
 .debug_str     0x000000ea      0x1c5 /home/lsys/Scripts/ZILO-SYS/ZILO-SYS/build/stage2/c/disk.obj
 .debug_str     0x000002af      0x5e8 /home/lsys/Scripts/ZILO-SYS/ZILO-SYS/build/stage2/c/fat.obj
 .debug_str     0x00000897      0x1e2 /home/lsys/Scripts/ZILO-SYS/ZILO-SYS/build/stage2/c/main.obj
 .debug_str     0x00000a79      0x1ab /home/lsys/Scripts/ZILO-SYS/ZILO-SYS/build/stage2/c/memdetect.obj
 .debug_str     0x00000c24      0x125 /home/lsys/Scripts/ZILO-SYS/ZILO-SYS/build/stage2/c/memory.obj
 .debug_str     0x00000d49      0x24e /home/lsys/Scripts/ZILO-SYS/ZILO-SYS/build/stage2/c/stdio.obj
 .debug_str     0x00000f97       0xf1 /home/lsys/Scripts/ZILO-SYS/ZILO-SYS/build/stage2/c/string.obj

.debug_line_str
                0x00000000      0x59c
 .debug_line_str
                0x00000000       0x78 /home/lsys/Scripts/ZILO-SYS/ZILO-SYS/build/stage2/c/ctype.obj
 .debug_line_str
                0x00000078       0xb4 /home/lsys/Scripts/ZILO-SYS/ZILO-SYS/build/stage2/c/disk.obj
 .debug_line_str
                0x0000012c       0xd3 /home/lsys/Scripts/ZILO-SYS/ZILO-SYS/build/stage2/c/fat.obj
 .debug_line_str
                0x000001ff       0xc5 /home/lsys/Scripts/ZILO-SYS/ZILO-SYS/build/stage2/c/main.obj
 .debug_line_str
                0x000002c4       0xf7 /home/lsys/Scripts/ZILO-SYS/ZILO-SYS/build/stage2/c/memdetect.obj
 .debug_line_str
                0x000003bb       0xad /home/lsys/Scripts/ZILO-SYS/ZILO-SYS/build/stage2/c/memory.obj
 .debug_line_str
                0x00000468       0xb9 /home/lsys/Scripts/ZILO-SYS/ZILO-SYS/build/stage2/c/stdio.obj
 .debug_line_str
                0x00000521       0x7b /home/lsys/Scripts/ZILO-SYS/ZILO-SYS/build/stage2/c/string.obj

.comment        0x00000000       0xbe
 .comment       0x00000000       0x13 /home/lsys/Scripts/ZILO-SYS/ZILO-SYS/build/stage2/c/ctype.obj
 .comment       0x00000013       0x13 /home/lsys/Scripts/ZILO-SYS/ZILO-SYS/build/stage2/c/disk.obj
 .comment       0x00000026       0x13 /home/lsys/Scripts/ZILO-SYS/ZILO-SYS/build/stage2/c/fat.obj
 .comment       0x00000039       0x13 /home/lsys/Scripts/ZILO-SYS/ZILO-SYS/build/stage2/c/main.obj
 .comment       0x0000004c       0x13 /home/lsys/Scripts/ZILO-SYS/ZILO-SYS/build/stage2/c/memdetect.obj
 .comment       0x0000005f       0x13 /home/lsys/Scripts/ZILO-SYS/ZILO-SYS/build/stage2/c/memory.obj
 .comment       0x00000072       0x13 /home/lsys/Scripts/ZILO-SYS/ZILO-SYS/build/stage2/c/stdio.obj
 .comment       0x00000085       0x13 /home/lsys/Scripts/ZILO-SYS/ZILO-SYS/build/stage2/c/string.obj
 .comment       0x00000098       0x13 /usr/lib/gcc/i686-elf/15.2.0/libgcc.a(_udivdi3.o)
 .comment       0x000000ab       0x13 /usr/lib/gcc/i686-elf/15.2.0/libgcc.a(_umoddi3.o)

.debug_frame    0x00000000      0x560
 .debug_frame   0x00000000       0x54 /home/lsys/Scripts/ZILO-SYS/ZILO-SYS/build/stage2/c/ctype.obj
 .debug_frame   0x00000054       0x80 /home/lsys/Scripts/ZILO-SYS/ZILO-SYS/build/stage2/c/disk.obj
 .debug_frame   0x000000d4      0x184 /home/lsys/Scripts/ZILO-SYS/ZILO-SYS/build/stage2/c/fat.obj
 .debug_frame   0x00000258       0x2c /home/lsys/Scripts/ZILO-SYS/ZILO-SYS/build/stage2/c/main.obj
 .debug_frame   0x00000284       0x3c /home/lsys/Scripts/ZILO-SYS/ZILO-SYS/build/stage2/c/memdetect.obj
 .debug_frame   0x000002c0       0x74 /home/lsys/Scripts/ZILO-SYS/ZILO-SYS/build/stage2/c/memory.obj
 .debug_frame   0x00000334      0x1b8 /home/lsys/Scripts/ZILO-SYS/ZILO-SYS/build/stage2/c/stdio.obj
 .debug_frame   0x000004ec       0x74 /home/lsys/Scripts/ZILO-SYS/ZILO-SYS/build/stage2/c/string.obj
